[    0.000000] Initializing cgroup subsys cpuset
[    0.000000] Initializing cgroup subsys cpu
[    0.000000] Initializing cgroup subsys cpuacct
[    0.000000] Linux version 4.4.0-146-generic (buildd@lcy01-amd64-025) (gcc version 5.4.0 20160609 (Ubuntu 5.4.0-6ubuntu1~16.04.10) ) #172-Ubuntu SMP Wed Apr 3 09:00:08 UTC 2019 (Ubuntu 4.4.0-146.172-generic 4.4.177)
[    0.000000] Command line: BOOT_IMAGE=/boot/vmlinuz-4.4.0-146-generic root=LABEL=cloudimg-rootfs ro console=tty1 console=ttyS0
[    0.000000] KERNEL supported cpus:
[    0.000000]   Intel GenuineIntel
[    0.000000]   AMD AuthenticAMD
[    0.000000]   Centaur CentaurHauls
[    0.000000] x86/fpu: xstate_offset[2]:  576, xstate_sizes[2]:  256
[    0.000000] x86/fpu: Supporting XSAVE feature 0x01: 'x87 floating point registers'
[    0.000000] x86/fpu: Supporting XSAVE feature 0x02: 'SSE registers'
[    0.000000] x86/fpu: Supporting XSAVE feature 0x04: 'AVX registers'
[    0.000000] x86/fpu: Enabled xstate features 0x7, context size is 832 bytes, using 'standard' format.
[    0.000000] e820: BIOS-provided physical RAM map:
[    0.000000] BIOS-e820: [mem 0x0000000000000000-0x000000000009fbff] usable
[    0.000000] BIOS-e820: [mem 0x000000000009fc00-0x000000000009ffff] reserved
[    0.000000] BIOS-e820: [mem 0x00000000000f0000-0x00000000000fffff] reserved
[    0.000000] BIOS-e820: [mem 0x0000000000100000-0x000000007ffeffff] usable
[    0.000000] BIOS-e820: [mem 0x000000007fff0000-0x000000007fffffff] ACPI data
[    0.000000] BIOS-e820: [mem 0x00000000fec00000-0x00000000fec00fff] reserved
[    0.000000] BIOS-e820: [mem 0x00000000fee00000-0x00000000fee00fff] reserved
[    0.000000] BIOS-e820: [mem 0x00000000fffc0000-0x00000000ffffffff] reserved
[    0.000000] NX (Execute Disable) protection: active
[    0.000000] SMBIOS 2.5 present.
[    0.000000] Hypervisor detected: KVM
[    0.000000] e820: last_pfn = 0x7fff0 max_arch_pfn = 0x400000000
[    0.000000] MTRR: Disabled
[    0.000000] x86/PAT: MTRRs disabled, skipping PAT initialization too.
[    0.000000] CPU MTRRs all blank - virtualized system.
[    0.000000] x86/PAT: Configuration [0-7]: WB  WT  UC- UC  WB  WT  UC- UC  
[    0.000000] found SMP MP-table at [mem 0x0009fff0-0x0009ffff] mapped at [ffff88000009fff0]
[    0.000000] Scanning 1 areas for low memory corruption
[    0.000000] RAMDISK: [mem 0x362fc000-0x37175fff]
[    0.000000] ACPI: Early table checksum verification disabled
[    0.000000] ACPI: RSDP 0x00000000000E0000 000024 (v02 VBOX  )
[    0.000000] ACPI: XSDT 0x000000007FFF0030 00003C (v01 VBOX   VBOXXSDT 00000001 ASL  00000061)
[    0.000000] ACPI: FACP 0x000000007FFF00F0 0000F4 (v04 VBOX   VBOXFACP 00000001 ASL  00000061)
[    0.000000] ACPI: DSDT 0x000000007FFF0470 0022EA (v02 VBOX   VBOXBIOS 00000002 INTL 20100528)
[    0.000000] ACPI: FACS 0x000000007FFF0200 000040
[    0.000000] ACPI: FACS 0x000000007FFF0200 000040
[    0.000000] ACPI: APIC 0x000000007FFF0240 00005C (v02 VBOX   VBOXAPIC 00000001 ASL  00000061)
[    0.000000] ACPI: SSDT 0x000000007FFF02A0 0001CC (v01 VBOX   VBOXCPUT 00000002 INTL 20100528)
[    0.000000] No NUMA configuration found
[    0.000000] Faking a node at [mem 0x0000000000000000-0x000000007ffeffff]
[    0.000000] NODE_DATA(0) allocated [mem 0x7ffeb000-0x7ffeffff]
[    0.000000] kvm-clock: Using msrs 4b564d01 and 4b564d00
[    0.000000] kvm-clock: cpu 0, msr 0:7ffe3001, primary cpu clock
[    0.000000] kvm-clock: using sched offset of 3360125370 cycles
[    0.000000] clocksource: kvm-clock: mask: 0xffffffffffffffff max_cycles: 0x1cd42e4dffb, max_idle_ns: 881590591483 ns
[    0.000000] Zone ranges:
[    0.000000]   DMA      [mem 0x0000000000001000-0x0000000000ffffff]
[    0.000000]   DMA32    [mem 0x0000000001000000-0x000000007ffeffff]
[    0.000000]   Normal   empty
[    0.000000]   Device   empty
[    0.000000] Movable zone start for each node
[    0.000000] Early memory node ranges
[    0.000000]   node   0: [mem 0x0000000000001000-0x000000000009efff]
[    0.000000]   node   0: [mem 0x0000000000100000-0x000000007ffeffff]
[    0.000000] Initmem setup node 0 [mem 0x0000000000001000-0x000000007ffeffff]
[    0.000000] ACPI: PM-Timer IO Port: 0x4008
[    0.000000] IOAPIC[0]: apic_id 2, version 32, address 0xfec00000, GSI 0-23
[    0.000000] ACPI: INT_SRC_OVR (bus 0 bus_irq 0 global_irq 2 dfl dfl)
[    0.000000] ACPI: INT_SRC_OVR (bus 0 bus_irq 9 global_irq 9 low level)
[    0.000000] Using ACPI (MADT) for SMP configuration information
[    0.000000] smpboot: Allowing 2 CPUs, 0 hotplug CPUs
[    0.000000] PM: Registered nosave memory: [mem 0x00000000-0x00000fff]
[    0.000000] PM: Registered nosave memory: [mem 0x0009f000-0x0009ffff]
[    0.000000] PM: Registered nosave memory: [mem 0x000a0000-0x000effff]
[    0.000000] PM: Registered nosave memory: [mem 0x000f0000-0x000fffff]
[    0.000000] e820: [mem 0x80000000-0xfebfffff] available for PCI devices
[    0.000000] Booting paravirtualized kernel on KVM
[    0.000000] clocksource: refined-jiffies: mask: 0xffffffff max_cycles: 0xffffffff, max_idle_ns: 7645519600211568 ns
[    0.000000] setup_percpu: NR_CPUS:512 nr_cpumask_bits:512 nr_cpu_ids:2 nr_node_ids:1
[    0.000000] PERCPU: Embedded 34 pages/cpu @ffff88007fc00000 s99480 r8192 d31592 u1048576
[    0.000000] Built 1 zonelists in Node order, mobility grouping on.  Total pages: 515960
[    0.000000] Policy zone: DMA32
[    0.000000] Kernel command line: BOOT_IMAGE=/boot/vmlinuz-4.4.0-146-generic root=LABEL=cloudimg-rootfs ro console=tty1 console=ttyS0
[    0.000000] PID hash table entries: 4096 (order: 3, 32768 bytes)
[    0.000000] Memory: 2029928K/2096696K available (8609K kernel code, 1334K rwdata, 4028K rodata, 1484K init, 1284K bss, 66768K reserved, 0K cma-reserved)
[    0.000000] SLUB: HWalign=64, Order=0-3, MinObjects=0, CPUs=2, Nodes=1
[    0.000000] Kernel/User page tables isolation: enabled
[    0.000000] Hierarchical RCU implementation.
[    0.000000] 	Build-time adjustment of leaf fanout to 64.
[    0.000000] 	RCU restricting CPUs from NR_CPUS=512 to nr_cpu_ids=2.
[    0.000000] RCU: Adjusting geometry for rcu_fanout_leaf=64, nr_cpu_ids=2
[    0.000000] NR_IRQS:33024 nr_irqs:440 16
[    0.000000] Console: colour VGA+ 80x25
[    0.000000] console [tty1] enabled
[    0.000000] console [ttyS0] enabled
[    0.000000] tsc: Detected 1992.000 MHz processor
[    0.166491] Calibrating delay loop (skipped) preset value.. 3984.00 BogoMIPS (lpj=7968000)
[    0.168804] pid_max: default: 32768 minimum: 301
[    0.169855] ACPI: Core revision 20150930
[    0.172623] ACPI: 2 ACPI AML tables successfully acquired and loaded
[    0.174110] Security Framework initialized
[    0.175034] Yama: becoming mindful.
[    0.175859] AppArmor: AppArmor initialized
[    0.177340] Dentry cache hash table entries: 262144 (order: 9, 2097152 bytes)
[    0.179063] Inode-cache hash table entries: 131072 (order: 8, 1048576 bytes)
[    0.181334] Mount-cache hash table entries: 4096 (order: 3, 32768 bytes)
[    0.182809] Mountpoint-cache hash table entries: 4096 (order: 3, 32768 bytes)
[    0.184317] Initializing cgroup subsys io
[    0.185374] Initializing cgroup subsys memory
[    0.186653] Initializing cgroup subsys devices
[    0.187637] Initializing cgroup subsys freezer
[    0.188703] Initializing cgroup subsys net_cls
[    0.189642] Initializing cgroup subsys perf_event
[    0.190590] Initializing cgroup subsys net_prio
[    0.191578] Initializing cgroup subsys hugetlb
[    0.192485] Initializing cgroup subsys pids
[    0.194771] mce: CPU supports 0 MCE banks
[    0.195698] Last level iTLB entries: 4KB 64, 2MB 8, 4MB 8
[    0.196882] Last level dTLB entries: 4KB 64, 2MB 0, 4MB 0, 1GB 4
[    0.198112] Spectre V2 : Mitigation: Full generic retpoline
[    0.199373] Spectre V2 : Spectre v2 / SpectreRSB mitigation: Filling RSB on context switch
[    0.201247] Speculative Store Bypass: Vulnerable
[    0.205307] Freeing SMP alternatives memory: 36K
[    0.211837] ftrace: allocating 32287 entries in 127 pages
[    0.271052] smpboot: APIC(0) Converting physical 0 to logical package 0
[    0.272379] smpboot: Max logical packages: 1
[    0.273775] x2apic enabled
[    0.274906] Switched APIC routing to physical x2apic.
[    0.277223] ..TIMER: vector=0x30 apic1=0 pin1=2 apic2=-1 pin2=-1
[    0.385856] smpboot: CPU0: Intel(R) Core(TM) i7-8550U CPU @ 1.80GHz (family: 0x6, model: 0x8e, stepping: 0xa)
[    0.388328] Performance Events: unsupported p6 CPU model 142 no PMU driver, software events only.
[    0.400476] KVM setup paravirtual spinlock
[    0.402565] x86: Booting SMP configuration:
[    0.403584] .... node  #0, CPUs:      #1
[    0.404677] kvm-clock: cpu 1, msr 0:7ffe3041, secondary cpu clock
[    0.406747] mce: CPU supports 0 MCE banks
[    0.409342] x86: Booted up 1 node, 2 CPUs
[    0.410421] smpboot: Total of 2 processors activated (7968.00 BogoMIPS)
[    0.412539] devtmpfs: initialized
[    0.415134] evm: security.selinux
[    0.416213] evm: security.SMACK64
[    0.417069] evm: security.SMACK64EXEC
[    0.417939] evm: security.SMACK64TRANSMUTE
[    0.419004] evm: security.SMACK64MMAP
[    0.419910] evm: security.ima
[    0.420665] evm: security.capability
[    0.421899] clocksource: jiffies: mask: 0xffffffff max_cycles: 0xffffffff, max_idle_ns: 7645041785100000 ns
[    0.424276] futex hash table entries: 512 (order: 3, 32768 bytes)
[    0.425831] pinctrl core: initialized pinctrl subsystem
[    0.427248] RTC time: 20:13:51, date: 05/13/19
[    0.428360] NET: Registered protocol family 16
[    0.437485] cpuidle: using governor ladder
[    0.449532] cpuidle: using governor menu
[    0.450581] PCCT header not found.
[    0.451458] ACPI: bus type PCI registered
[    0.452333] acpiphp: ACPI Hot Plug PCI Controller Driver version: 0.5
[    0.453713] PCI: Using configuration type 1 for base access
[    0.469801] ACPI: Added _OSI(Module Device)
[    0.470622] ACPI: Added _OSI(Processor Device)
[    0.471607] ACPI: Added _OSI(3.0 _SCP Extensions)
[    0.472486] ACPI: Added _OSI(Processor Aggregator Device)
[    0.474151] ACPI: Executed 1 blocks of module-level executable AML code
[    0.477764] ACPI: Interpreter enabled
[    0.478574] ACPI: (supports S0 S5)
[    0.479307] ACPI: Using IOAPIC for interrupt routing
[    0.480608] PCI: Using host bridge windows from ACPI; if necessary, use "pci=nocrs" and report a bug
[    0.486165] ACPI: PCI Root Bridge [PCI0] (domain 0000 [bus 00-ff])
[    0.487697] acpi PNP0A03:00: _OSC: OS supports [ASPM ClockPM Segments MSI]
[    0.489406] acpi PNP0A03:00: _OSC: not requesting OS control; OS requires [ExtendedConfig ASPM ClockPM MSI]
[    0.491407] acpi PNP0A03:00: fail to add MMCONFIG information, can't access extended PCI configuration space under this bridge.
[    0.493917] PCI host bridge to bus 0000:00
[    0.494919] pci_bus 0000:00: root bus resource [io  0x0000-0x0cf7 window]
[    0.496284] pci_bus 0000:00: root bus resource [io  0x0d00-0xffff window]
[    0.498294] pci_bus 0000:00: root bus resource [mem 0x000a0000-0x000bffff window]
[    0.500056] pci_bus 0000:00: root bus resource [mem 0x80000000-0xfdffffff window]
[    0.501781] pci_bus 0000:00: root bus resource [bus 00-ff]
[    0.504542] pci 0000:00:01.1: legacy IDE quirk: reg 0x10: [io  0x01f0-0x01f7]
[    0.506262] pci 0000:00:01.1: legacy IDE quirk: reg 0x14: [io  0x03f6]
[    0.507700] pci 0000:00:01.1: legacy IDE quirk: reg 0x18: [io  0x0170-0x0177]
[    0.509177] pci 0000:00:01.1: legacy IDE quirk: reg 0x1c: [io  0x0376]
[    0.531029] pci 0000:00:07.0: quirk: [io  0x4000-0x403f] claimed by PIIX4 ACPI
[    0.532648] pci 0000:00:07.0: quirk: [io  0x4100-0x410f] claimed by PIIX4 SMB
[    0.558205] ACPI: PCI Interrupt Link [LNKA] (IRQs 5 9 10 *11)
[    0.560147] ACPI: PCI Interrupt Link [LNKB] (IRQs 5 9 *10 11)
[    0.561993] ACPI: PCI Interrupt Link [LNKC] (IRQs 5 *9 10 11)
[    0.564092] ACPI: PCI Interrupt Link [LNKD] (IRQs 5 9 10 *11)
[    0.566750] ACPI: Enabled 2 GPEs in block 00 to 07
[    0.568404] vgaarb: setting as boot device: PCI:0000:00:02.0
[    0.569644] vgaarb: device added: PCI:0000:00:02.0,decodes=io+mem,owns=io+mem,locks=none
[    0.571421] vgaarb: loaded
[    0.572074] vgaarb: bridge control possible 0000:00:02.0
[    0.574182] SCSI subsystem initialized
[    0.575370] ACPI: bus type USB registered
[    0.576236] usbcore: registered new interface driver usbfs
[    0.577435] usbcore: registered new interface driver hub
[    0.578610] usbcore: registered new device driver usb
[    0.580335] PCI: Using ACPI for IRQ routing
[    0.581589] NetLabel: Initializing
[    0.582322] NetLabel:  domain hash size = 128
[    0.583320] NetLabel:  protocols = UNLABELED CIPSOv4
[    0.584538] NetLabel:  unlabeled traffic allowed by default
[    0.585948] amd_nb: Cannot enumerate AMD northbridges
[    0.587146] clocksource: Switched to clocksource kvm-clock
[    0.594428] AppArmor: AppArmor Filesystem Enabled
[    0.596056] pnp: PnP ACPI init
[    0.597810] pnp: PnP ACPI: found 3 devices
[    0.608857] clocksource: acpi_pm: mask: 0xffffff max_cycles: 0xffffff, max_idle_ns: 2085701024 ns
[    0.610624] NET: Registered protocol family 2
[    0.611799] TCP established hash table entries: 16384 (order: 5, 131072 bytes)
[    0.613527] TCP bind hash table entries: 16384 (order: 6, 262144 bytes)
[    0.615079] TCP: Hash tables configured (established 16384 bind 16384)
[    0.617227] UDP hash table entries: 1024 (order: 3, 32768 bytes)
[    0.618439] UDP-Lite hash table entries: 1024 (order: 3, 32768 bytes)
[    0.619845] NET: Registered protocol family 1
[    0.620786] pci 0000:00:00.0: Limiting direct PCI/PCI transfers
[    0.621999] pci 0000:00:01.0: Activating ISA DMA hang workarounds
[    0.623325] Unpacking initramfs...
[    0.799318] Freeing initrd memory: 14824K
[    0.800454] platform rtc_cmos: registered platform RTC device (no PNP device found)
[    0.802065] Scanning for low memory corruption every 60 seconds
[    0.803536] audit: initializing netlink subsys (disabled)
[    0.804730] audit: type=2000 audit(1557778437.051:1): initialized
[    0.806242] Initialise system trusted keyring
[    0.807598] HugeTLB registered 2 MB page size, pre-allocated 0 pages
[    0.810180] zbud: loaded
[    0.811219] VFS: Disk quotas dquot_6.6.0
[    0.812238] VFS: Dquot-cache hash table entries: 512 (order 0, 4096 bytes)
[    0.813989] squashfs: version 4.0 (2009/01/31) Phillip Lougher
[    0.815640] fuse init (API version 7.23)
[    0.816646] Key type big_key registered
[    0.817504] Allocating IMA MOK and blacklist keyrings.
[    0.820460] Key type asymmetric registered
[    0.821337] Asymmetric key parser 'x509' registered
[    0.822553] Block layer SCSI generic (bsg) driver version 0.4 loaded (major 249)
[    0.824233] io scheduler noop registered
[    0.825279] io scheduler deadline registered (default)
[    0.826202] io scheduler cfq registered
[    0.827093] pci_hotplug: PCI Hot Plug PCI Core version: 0.5
[    0.828200] pciehp: PCI Express Hot Plug Controller Driver version: 0.4
[    0.829539] ACPI: AC Adapter [AC] (on-line)
[    0.830539] input: Power Button as /devices/LNXSYSTM:00/LNXPWRBN:00/input/input0
[    0.832185] ACPI: Power Button [PWRF]
[    0.833153] input: Sleep Button as /devices/LNXSYSTM:00/LNXSLPBN:00/input/input1
[    0.834943] ACPI: Sleep Button [SLPF]
[    0.836014] GHES: HEST is not enabled!
[    0.837631] ACPI: Battery Slot [BAT0] (battery present)
[    0.838682] Serial: 8250/16550 driver, 32 ports, IRQ sharing enabled
[    0.860701] 00:02: ttyS0 at I/O 0x3f8 (irq = 4, base_baud = 115200) is a 16550A
[    0.863239] Linux agpgart interface v0.103
[    0.867045] loop: module loaded
[    0.868608] scsi host0: ata_piix
[    0.869765] scsi host1: ata_piix
[    0.870598] ata1: PATA max UDMA/33 cmd 0x1f0 ctl 0x3f6 bmdma 0xd000 irq 14
[    0.872010] ata2: PATA max UDMA/33 cmd 0x170 ctl 0x376 bmdma 0xd008 irq 15
[    0.873457] libphy: Fixed MDIO Bus: probed
[    0.875291] tun: Universal TUN/TAP device driver, 1.6
[    0.876428] tun: (C) 1999-2004 Max Krasnyansky <maxk@qualcomm.com>
[    0.877665] PPP generic driver version 2.4.2
[    0.878634] ehci_hcd: USB 2.0 'Enhanced' Host Controller (EHCI) Driver
[    0.880050] ehci-pci: EHCI PCI platform driver
[    0.881139] ehci-platform: EHCI generic platform driver
[    0.882267] ohci_hcd: USB 1.1 'Open' Host Controller (OHCI) Driver
[    0.883548] ohci-pci: OHCI PCI platform driver
[    0.884695] ohci-platform: OHCI generic platform driver
[    0.885995] uhci_hcd: USB Universal Host Controller Interface driver
[    0.887452] i8042: PNP: PS/2 Controller [PNP0303:PS2K,PNP0f03:PS2M] at 0x60,0x64 irq 1,12
[    0.889768] serio: i8042 KBD port at 0x60,0x64 irq 1
[    0.890861] serio: i8042 AUX port at 0x60,0x64 irq 12
[    0.892557] mousedev: PS/2 mouse device common for all mice
[    0.894195] rtc_cmos rtc_cmos: rtc core: registered rtc_cmos as rtc0
[    0.896516] input: AT Translated Set 2 keyboard as /devices/platform/i8042/serio0/input/input2
[    0.898440] rtc_cmos rtc_cmos: alarms up to one day, 114 bytes nvram
[    0.899951] i2c /dev entries driver
[    0.900805] device-mapper: uevent: version 1.0.3
[    0.901836] device-mapper: ioctl: 4.34.0-ioctl (2015-10-28) initialised: dm-devel@redhat.com
[    0.903708] ledtrig-cpu: registered to indicate activity on CPUs
[    0.905671] NET: Registered protocol family 10
[    0.907026] NET: Registered protocol family 17
[    0.908163] Key type dns_resolver registered
[    0.909249] registered taskstats version 1
[    0.910219] Loading compiled-in X.509 certificates
[    0.911685] Loaded X.509 cert 'Build time autogenerated kernel key: 4dcb2dc2c7cf43e0c20c44384f68683c20294489'
[    0.913834] zswap: loaded using pool lzo/zbud
[    0.917154] Key type trusted registered
[    0.921790] Key type encrypted registered
[    0.922642] AppArmor: AppArmor sha1 policy hashing enabled
[    0.923926] ima: No TPM chip found, activating TPM-bypass!
[    0.925122] ima: Allocated hash algorithm: sha1
[    0.926236] evm: HMAC attrs: 0x1
[    0.927530]   Magic number: 3:261:245
[    0.928647] rtc_cmos rtc_cmos: setting system clock to 2019-05-13 20:13:52 UTC (1557778432)
[    0.930662] BIOS EDD facility v0.16 2004-Jun-25, 0 devices found
[    0.932161] EDD information not available.
[    1.036775] Freeing unused kernel memory: 1484K
[    1.037867] Write protecting the kernel read-only data: 14336k
[    1.039842] Freeing unused kernel memory: 1620K
[    1.041311] Freeing unused kernel memory: 68K
Loading, please wait...
starting version 229
[    1.054501] random: systemd-udevd: uninitialized urandom read (16 bytes read, 3 bits of entropy available)
[    1.054903] random: udevadm: uninitialized urandom read (16 bytes read, 3 bits of entropy available)
[    1.054917] random: udevadm: uninitialized urandom read (16 bytes read, 3 bits of entropy available)
[    1.060991] random: systemd-udevd: uninitialized urandom read (16 bytes read, 3 bits of entropy available)
[    1.062221] random: udevadm: uninitialized urandom read (16 bytes read, 3 bits of entropy available)
[    1.062254] random: udevadm: uninitialized urandom read (16 bytes read, 3 bits of entropy available)
[    1.062378] random: udevadm: uninitialized urandom read (16 bytes read, 3 bits of entropy available)
[    1.062417] random: udevadm: uninitialized urandom read (16 bytes read, 3 bits of entropy available)
[    1.062454] random: udevadm: uninitialized urandom read (16 bytes read, 3 bits of entropy available)
[    1.062492] random: udevadm: uninitialized urandom read (16 bytes read, 3 bits of entropy available)
[    1.103047] e1000: Intel(R) PRO/1000 Network Driver - version 7.3.21-k8-NAPI
[    1.104630] e1000: Copyright (c) 1999-2006 Intel Corporation.
[    1.109061] Fusion MPT base driver 3.04.20
[    1.110088] Copyright (c) 1999-2008 LSI Corporation
[    1.117825] AVX2 version of gcm_enc/dec engaged.
[    1.118881] AES CTR mode by8 optimization enabled
[    1.135471] Fusion MPT SPI Host driver 3.04.20
[    1.340914] input: ImExPS/2 Generic Explorer Mouse as /devices/platform/i8042/serio1/input/input4
[    1.671965] e1000 0000:00:03.0 eth0: (PCI:33MHz:32-bit) 02:9b:bc:73:96:26
[    1.674440] e1000 0000:00:03.0 eth0: Intel(R) PRO/1000 Network Connection
[    1.799259] tsc: Refined TSC clocksource calibration: 1991.702 MHz
[    1.801016] clocksource: tsc: mask: 0xffffffffffffffff max_cycles: 0x396b1ee263e, max_idle_ns: 881590696646 ns
[    2.160637] e1000 0000:00:08.0 eth1: (PCI:33MHz:32-bit) 08:00:27:aa:7b:94
[    2.162026] e1000 0000:00:08.0 eth1: Intel(R) PRO/1000 Network Connection
[    2.164321] mptbase: ioc0: Initiating bringup
[    2.164938] e1000 0000:00:03.0 enp0s3: renamed from eth0
[    2.180067] e1000 0000:00:08.0 enp0s8: renamed from eth1
[    2.236136] ioc0: LSI53C1030 A0: Capabilities={Initiator}
[    2.403102] scsi host2: ioc0: LSI53C1030 A0, FwRev=00000000h, Ports=1, MaxQ=256, IRQ=20
[    2.516315] scsi 2:0:0:0: Direct-Access     VBOX     HARDDISK         1.0  PQ: 0 ANSI: 5
[    2.520481] scsi target2:0:0: Beginning Domain Validation
[    2.524380] scsi target2:0:0: Domain Validation skipping write tests
[    2.525637] scsi target2:0:0: Ending Domain Validation
[    2.526866] scsi target2:0:0: asynchronous
[    2.528961] scsi 2:0:1:0: Direct-Access     VBOX     HARDDISK         1.0  PQ: 0 ANSI: 5
[    2.531004] scsi target2:0:1: Beginning Domain Validation
[    2.534351] scsi target2:0:1: Domain Validation skipping write tests
[    2.548049] scsi target2:0:1: Ending Domain Validation
[    2.549292] scsi target2:0:1: asynchronous
[    2.557989] sd 2:0:0:0: [sda] 20971520 512-byte logical blocks: (10.7 GB/10.0 GiB)
[    2.558127] sd 2:0:0:0: Attached scsi generic sg0 type 0
[    2.560315] sd 2:0:1:0: Attached scsi generic sg1 type 0
[    2.560377] sd 2:0:1:0: [sdb] 20480 512-byte logical blocks: (10.5 MB/10.0 MiB)
[    2.560765] sd 2:0:1:0: [sdb] Write Protect is off
[    2.560991] sd 2:0:1:0: [sdb] Incomplete mode parameter data
[    2.560992] sd 2:0:1:0: [sdb] Assuming drive cache: write through
[    2.566378] sd 2:0:1:0: [sdb] Attached SCSI disk
[    2.569768] sd 2:0:0:0: [sda] Write Protect is off
[    2.571073] sd 2:0:0:0: [sda] Incomplete mode parameter data
[    2.572345] sd 2:0:0:0: [sda] Assuming drive cache: write through
[    2.576102]  sda: sda1
[    2.578149] sd 2:0:0:0: [sda] Attached SCSI disk
Begin: Loading essential drivers ... [    3.989400] md: linear personality registered for level -1
[    3.992422] md: multipath personality registered for level -4
[    3.995602] md: raid0 personality registered for level 0
[    4.000591] md: raid1 personality registered for level 1
[    4.071547] raid6: sse2x1   gen() 12286 MB/s
[    4.139492] raid6: sse2x1   xor()  9543 MB/s
[    4.207757] raid6: sse2x2   gen() 14710 MB/s
[    4.275169] raid6: sse2x2   xor() 10717 MB/s
[    4.343481] raid6: sse2x4   gen() 17873 MB/s
[    4.411786] raid6: sse2x4   xor() 11680 MB/s
[    4.479159] raid6: avx2x1   gen() 24208 MB/s
[    4.547453] raid6: avx2x2   gen() 29223 MB/s
[    4.615776] raid6: avx2x4   gen() 32821 MB/s
[    4.616760] raid6: using algorithm avx2x4 gen() 32821 MB/s
[    4.617963] raid6: using avx2x2 recovery algorithm
[    4.620175] xor: automatically using best checksumming function:
[    4.659243]    avx       : 28932.000 MB/sec
[    4.661214] async_tx: api initialized (async)
[    4.670603] md: raid6 personality registered for level 6
[    4.671858] md: raid5 personality registered for level 5
[    4.673054] md: raid4 personality registered for level 4
[    4.679248] md: raid10 personality registered for level 10
done.
Begin: Running /scripts/init-premount ... done.
Begin: Mounting root file system ... Begin: Running /scripts/local-top ... done.
Begin: Running /scripts/local-premount ... [    4.706049] Btrfs loaded
Scanning for Btrfs filesystems
done.
Warning: fsck not present, so skipping root file system
[    4.734319] EXT4-fs (sda1): mounted filesystem with ordered data mode. Opts: (null)
done.
Begin: Running /scripts/local-bottom ... done.
Begin: Running /scripts/init-bottom ... done.
[    4.819887] systemd[1]: systemd 229 running in system mode. (+PAM +AUDIT +SELINUX +IMA +APPARMOR +SMACK +SYSVINIT +UTMP +LIBCRYPTSETUP +GCRYPT +GNUTLS +ACL +XZ -LZ4 +SECCOMP +BLKID +ELFUTILS +KMOD -IDN)
[    4.823130] systemd[1]: Detected virtualization oracle.
[    4.824156] systemd[1]: Detected architecture x86-64.

Welcome to [1mUbuntu 16.04.6 LTS[0m!

[    4.827704] systemd[1]: Set hostname to <ubuntu>.
[    4.830513] systemd[1]: Initializing machine ID from random generator.
[    4.832017] systemd[1]: Installed transient /etc/machine-id file.
[    4.959245] systemd[1]: Listening on Device-mapper event daemon FIFOs.
[[0;32m  OK  [0m] Listening on Device-mapper event daemon FIFOs.
[    4.961452] systemd[1]: Reached target User and Group Name Lookups.
[[0;32m  OK  [0m] Reached target User and Group Name Lookups.
[    4.967603] systemd[1]: Listening on Journal Socket.
[[0;32m  OK  [0m] Listening on Journal Socket.
[    4.969530] systemd[1]: Created slice System Slice.
[[0;32m  OK  [0m] Created slice System Slice.
[    4.975342] systemd[1]: Listening on udev Kernel Socket.
[[0;32m  OK  [0m] Listening on udev Kernel Socket.
[    4.983340] systemd[1]: Started Forward Password Requests to Wall Directory Watch.
[[0;32m  OK  [0m] Started Forward Password Requests to Wall Directory Watch.
[    5.007352] systemd[1]: Starting Set console keymap...
         Starting Set console keymap...
[    5.009939] systemd[1]: Created slice system-serial\x2dgetty.slice.
[[0;32m  OK  [0m] Created slice system-serial\x2dgetty.slice.
[    5.013114] systemd[1]: Starting Nameserver information manager...
         Starting Nameserver information manager...
[    5.015430] systemd[1]: Set up automount Arbitrary Executable File Formats File System Automount Point.
[[0;32m  OK  [0m] Set up automount Arbitrary Executab...ats File System Automount Point.
[    5.019531] systemd[1]: Listening on udev Control Socket.
[[0;32m  OK  [0m] Listening on udev Control Socket.
[    5.028114] systemd[1]: Mounting POSIX Message Queue File System...
         Mounting POSIX Message Queue File System...
[    5.031088] systemd[1]: Listening on LVM2 metadata daemon socket.
[[0;32m  OK  [0m] Listening on LVM2 metadata daemon socket.
[    5.034476] systemd[1]: Starting Monitoring of LVM2 mirrors, snapshots etc. using dmeventd or progress polling...
         Starting Monitoring of LVM2 mirrors... dmeventd or progress polling...
[    5.039038] systemd[1]: Mounting Debug File System...
         Mounting Debug File System...
[    5.040961] systemd[1]: Listening on Syslog Socket.
[[0;32m  OK  [0m] Listening on Syslog Socket.
[    5.042884] systemd[1]: Listening on Journal Audit Socket.
[[0;32m  OK  [0m] Listening on Journal Audit Socket.
[    5.051993] systemd[1]: Reached target Swap.
[[0;32m  OK  [0m] Reached target Swap.
[    5.053923] systemd[1]: Starting Uncomplicated firewall...
         Starting Uncomplicated firewall...
[    5.064191] systemd[1]: Mounting Huge Pages File System...
         Mounting Huge Pages File System...
[    5.071956] systemd[1]: Starting Remount Root and Kernel File Systems...
         Starting Remount Root and Kernel File Systems...
[    5.074077] systemd[1]: Started Trigger resolvconf update for networkd DNS.
[[0;32m  OK  [0m] Started Trigger resolvconf update for networkd DNS.
[    5.076331] systemd[1]: Reached target System Time Synchronized.
[    5.076805] EXT4-fs (sda1): re-mounted. Opts: (null)
[[0;32m  OK  [0m] Reached target System Time Synchronized.
[    5.079952] systemd[1]: Starting Create list of required static device nodes for the current kernel...
         Starting Create list of required st... nodes for the current kernel...
[    5.083011] systemd[1]: Listening on Journal Socket (/dev/log).
[[0;32m  OK  [0m] Listening on Journal Socket (/dev/log).
[    5.085665] systemd[1]: Starting Journal Service...
         Starting Journal Service...
[    5.087302] systemd[1]: Listening on /dev/initctl Compatibility Named Pipe.
[[0;32m  OK  [0m] Listening on /dev/initctl Compatibility Named Pipe.
[    5.095913] systemd[1]: Listening on LVM2 poll daemon socket.
[[0;32m  OK  [0m] Listening on LVM2 poll daemon socket.
[    5.123846] systemd[1]: Starting Load Kernel Modules...
         Starting Load Kernel Modules...
[    5.126414] systemd[1]: Created slice User and Session Slice.
[[0;32m  OK  [0m] Created slice User and Session Slice.
[    5.131950] Loading iSCSI transport class v2.0-870.
[    5.135608] systemd[1]: Reached target Slices.
[[0;32m  OK  [0m] Reached target Slices.
[    5.137171] systemd[1]: Reached target Encrypted Volumes.
[    5.138521] iscsi: registered transport (tcp)
[[0;32m  OK  [0m] Reached target Encrypted Volumes.
[    5.141462] systemd[1]: Mounted POSIX Message Queue File System.
[[0;32m  OK  [0m] Mounted POSIX Message Queue File System.
[    5.151350] systemd[1]: Mounted Debug File System.
[[0;32m  OK  [0m] Mounted Debug File System.
[    5.152939] systemd[1]: Mounted Huge Pages File System.
[[0;32m  OK  [0m] Mounted Huge Pages File System.
[    5.155375] systemd[1]: Started Journal Service.
[[0;32m  OK  [0m] Started Journal Service.
[    5.163745] iscsi: registered transport (iser)
[[0;32m  OK  [0m] Started Set console keymap.
[[0;32m  OK  [0m] Started Uncomplicated firewall.
[[0;32m  OK  [0m] Started Remount Root and Kernel File Systems.
[[0;32m  OK  [0m] Started Create list of required sta...ce nodes for the current kernel.
[[0;32m  OK  [0m] Started Load Kernel Modules.
[[0;32m  OK  [0m] Started Nameserver information manager.
[[0;32m  OK  [0m] Started LVM2 metadata daemon.
         Mounting FUSE Control File System...
         Starting Apply Kernel Variables...
         Starting Create Static Device Nodes in /dev...
         Starting Load/Save Random Seed...
         Starting udev Coldplug all Devices...
         Starting Flush Journal to Persistent Storage...
[[0;32m  OK  [0m] Mounted FUSE Control File System.
[[0;32m  OK  [0m] Started Load/Save Random Seed.
[[0;32m  OK  [0m] Started Apply Kernel Variables.
[[0;32m  OK  [0m] Started Create Static Device Nodes in /dev.
[[0;32m  OK  [0m] Started Flush Journal to Persistent Storage.
         Starting udev Kernel Device Manager...
[[0;32m  OK  [0m] Started udev Coldplug all Devices.
[[0;32m  OK  [0m] Started udev Kernel Device Manager.
[[0;32m  OK  [0m] Started Dispatch Password Requests to Console Directory Watch.
[[0;32m  OK  [0m] Found device /dev/ttyS0.
[[0;32m  OK  [0m] Listening on Load/Save RF Kill Switch Status /dev/rfkill Watch.
[[0;32m  OK  [0m] Started Monitoring of LVM2 mirrors,...ng dmeventd or progress polling.
[[0;32m  OK  [0m] Reached target Local File Systems (Pre).
[[0;32m  OK  [0m] Reached target Local File Systems.
         Starting Create Volatile Files and Directories...
         Starting Tell Plymouth To Write Out Runtime Data...
         Starting Initial cloud-init job (pre-networking)...
         Starting LSB: AppArmor initialization...
         Starting Commit a transient machine-id on disk...
         Starting Set console font and keymap...
[[0;32m  OK  [0m] Started Create Volatile Files and Directories.
[[0;32m  OK  [0m] Started Tell Plymouth To Write Out Runtime Data.
         Starting Update UTMP about System Boot/Shutdown...
[[0;32m  OK  [0m] Started Commit a transient machine-id on disk.
[[0;32m  OK  [0m] Started Update UTMP about System Boot/Shutdown.
[    6.794736] cloud-init[612]: Cloud-init v. 18.5-45-g3554ffe8-0ubuntu1~16.04.1 running 'init-local' at Mon, 13 May 2019 20:13:58 +0000. Up 6.26 seconds.
[[0;32m  OK  [0m] Started Initial cloud-init job (pre-networking).
[[0;32m  OK  [0m] Reached target Network (Pre).
[[0;32m  OK  [0m] Started Set console font and keymap.
[[0;32m  OK  [0m] Created slice system-getty.slice.
[[0;32m  OK  [0m] Started LSB: AppArmor initialization.
         Starting Raise network interfaces...
[[0;32m  OK  [0m] Started Raise network interfaces.
[[0;32m  OK  [0m] Reached target Network.
         Starting Initial cloud-init job (metadata service crawler)...
[    8.585340] cloud-init[955]: Cloud-init v. 18.5-45-g3554ffe8-0ubuntu1~16.04.1 running 'init' at Mon, 13 May 2019 20:13:59 +0000. Up 8.02 seconds.
[    8.592572] cloud-init[955]: ci-info: ++++++++++++++++++++++++++++++++++++++Net device info+++++++++++++++++++++++++++++++++++++++
[    8.600365] cloud-init[955]: ci-info: +--------+-------+----------------------------+---------------+--------+-------------------+
[    8.601640] cloud-init[955]: ci-info: | Device |   Up  |          Address           |      Mask     | Scope  |     Hw-Address    |
[    8.609142] cloud-init[955]: ci-info: +--------+-------+----------------------------+---------------+--------+-------------------+
[    8.610316] cloud-init[955]: ci-info: | enp0s3 |  True |         10.0.2.15          | 255.255.255.0 | global | 02:9b:bc:73:96:26 |
[    8.611457] cloud-init[955]: ci-info: | enp0s3 |  True | fe80::9b:bcff:fe73:9626/64 |       .       |  link  | 02:9b:bc:73:96:26 |
[    8.620964] cloud-init[955]: ci-info: | enp0s8 | False |             .              |       .       |   .    | 08:00:27:aa:7b:94 |
[    8.633003] [[0;32m  OK  [0m] Started Initial cloud-init job (metadata service crawler).
cloud-init[955]: ci-info: |   lo   |  True |         127.0.0.1          |   255.0.0.0   |  host  |         .         |
[    8.634538] [[0;32m  OK  [0m] Reached target Cloud-config availability.
[[0;32m  OK  [0m] Reached target System Initialization.
cloud-init[955]: ci-info: |   lo   |  True |          ::1/128           |       .       |  host  |         .         |
[    8.644526]          Starting LXD - unix socket.
[[0;32m  OK  [0m] Started Daily apt download activities.
cloud-init[955]: ci-info: +--------+-------+----------------------------+---------------+--------+-------------------+
[    8.646614] [[0;32m  OK  [0m] Started Daily Cleanup of Temporary Directories.
[[0;32m  OK  [0m] Started Daily apt upgrade and clean activities.
cloud-init[955]: ci-info: +++++++++++++++++++++++++++Route IPv4 info++++++++++++++++++++++++++++
[    8.648774] [cloud-init[0;32m  OK  [0m[955]: ] ci-info: +-------+-------------+----------+---------------+-----------+-------+Listening on D-Bus System Message Bus Socket.

[[0;32m  OK  [0m] Reached target Timers.
[    8.649577] cloud-init[955]: ci-info: | Route | Destination | Gateway  |    Genmask    | Interface | Flags |
[    8.652196] [cloud-init[0;32m  OK  [0m[955]: ] ci-info: +-------+-------------+----------+---------------+-----------+-------+Started ACPI Events Check.

[    8.660760] [cloud-init[0;32m  OK  [0m[955]: ] ci-info: |   0   |   0.0.0.0   | 10.0.2.2 |    0.0.0.0    |   enp0s3  |   UG  |Reached target Paths.

[[0;32m  OK  [0m] Listening on UUID daemon activation socket.
[[0;32m  OK  [0m] Listening on ACPID Listen Socket.
         Starting Socket activation for snappy daemon.
[    8.662268] cloud-init[955]: ci-info: |   1   |   10.0.2.0  | 0.0.0.0  | 255.255.255.0 |   enp0s3  |   U   |
[    8.679447] [[0;32m  OK  [0m] Reached target Network is Online.
cloud-init[955]: ci-info: +-------+-------------+----------+---------------+-----------+-------+
[    8.680979] cloud-init[955]: ci-info: +++++++++++++++++++Route IPv6 info+++++++++++++++++++
[    8.688287] cloud-init[955]: ci-info: +-------+-------------+---------+-----------+-------+
[    8.697072]          Starting iSCSI initiator daemon (iscsid)...
cloud-init[955]: ci-info: | Route | Destination | Gateway | Interface | Flags |
[    8.698336] [cloud-init[0;32m  OK  [0m[955]: ] ci-info: +-------+-------------+---------+-----------+-------+Listening on LXD - unix socket.

[    8.699936] [cloud-init[0;32m  OK  [0m[955]: ] ci-info: |   0   |  fe80::/64  |    ::   |   enp0s3  |   U   |Listening on Socket activation for snappy daemon.

[    8.701010] cloud-init[955]: ci-info: |   3   |   ff00::/8  |    ::   |   enp0s3  |   U   |
[    8.708700] [cloud-init[0;32m  OK  [0m[955]: ] ci-info: +-------+-------------+---------+-----------+-------+Reached target Sockets.

[    8.716540] [cloud-init[0;32m  OK  [0m[955]: ] Generating public/private rsa key pair.Reached target Basic System.

[    8.717965] cloud-init[955]: Your identification has been saved in /etc/ssh/ssh_host_rsa_key.
[    8.724254] cloud-init[955]: Your public key has been saved in /etc/ssh/ssh_host_rsa_key.pub.
[    8.733186] cloud-init[955]: The key fingerprint is:
         Starting LSB: MD monitoring daemon...
[    8.733430] cloud-init[955]: SHA256:2BPvYYORQoXdqrEo8TFMgmLHqFCHjN4RuofS6F/xWzo root@ubuntu-xenial
[    8.740852] cloud-init[955]: The key's randomart image is:
[    8.741653] cloud-init[955]: +---[RSA 2048]----+
[    8.742262] cloud-init[955]: | =+oo .+..       |
[    8.742904] cloud-init[955]: |=o==... ...      |
[    8.743446] cloud-init[955]: |*.o+. . +.       |
[    8.748881] cloud-init[955]: |.++.+ .+.=       |
[    8.749075] [cloud-init[0;32m  OK  [0m[955]: ] |oo.+ =.+S =      |Started FUSE filesystem for LXC.

[    8.749116] cloud-init[955]: |o o o =  + o     |
[    8.750607] cloud-init[955]: | . . . . ..      |
[    8.757519] cloud-init[955]: |  . .  E+        |
[    8.757776] cloud-init[955]: |   .   o.        |
[    8.758027] cloud-init[955]: +----[SHA256]-----+
[    8.758281] cloud-init[955]: Generating public/private dsa key pair.
[    8.758518] cloud-init[955]: Your identification has been saved in /etc/ssh/ssh_host_dsa_key.
[    8.758760] cloud-init[955]: Your public key has been saved in /etc/ssh/ssh_host_dsa_key.pub.
[    8.759004] cloud-init[955]: The key fingerprint is:
[    8.759250] cloud-init[955]: SHA256:tESc/gtjD+jxveG8U46ZBc7T5GdrYinY6YiPHQk7oq0 root@ubuntu-xenial
[    8.759514] cloud-init[955]: The key's randomart image is:
[    8.759758] cloud-init[955]: +---[DSA 1024]----+
         Starting Pollinate to seed the pseudo random number generator...
         Starting Login Service...
[    8.760312] cloud-init[955]: |       ...       |
[[0;32m  OK  [0m] Started Deferred execution scheduler.
[[0;32m  OK  [0m] Started D-Bus System Message Bus.
[    8.765591] cloud-init[955]: |       .o        |
[    8.770587] cloud-init[955]: |       .o        |
[    8.773282] cloud-init[955]: |       o... .    |
[    8.774245] cloud-init[955]: |      ..S+ =     |
[    8.775137] cloud-init[955]: |      oo=.= = o  |
[    8.775981] cloud-init[955]: |    ..o+oO.@ + . |
[    8.776986] cloud-init[955]: |   o ..=o=%.= o  |
[    8.785728] cloud-init[955]: |  E.. o.+.** o   |
[    8.786869] cloud-init[955]: +----[SHA256]-----+
[    8.788598] cloud-init[955]: Generating public/private ecdsa key pair.
[    8.789932] cloud-init[955]: Your identification has been saved in /etc/ssh/ssh_host_ecdsa_key.
[    8.792291] cloud-init[955]: Your public key has been saved in /etc/ssh/ssh_host_ecdsa_key.pub.
[    8.800206] cloud-init[955]: The key fingerprint is:
[    8.808269] cloud-init[955]: SHA256:udK5L8lrV0XLiPJurz4/uziJuV4EM6UktimsvWxHJHg root@ubuntu-xenial
[    8.816549] cloud-init[955]: The key's randomart image is:
[    8.816718] cloud-init[955]: +---[ECDSA 256]---+
         Starting Virtualbox guest utils...
[    8.817912] cloud-init[955]: |      o . .      |
[    8.819789] cloud-init[955]: |   o . = o    .  |
[    8.828529] cloud-init[955]: |  . E + =  . + . |
[    8.828716] cloud-init[955]: |   + +  .=. . +  |
[    8.828949] cloud-init[955]: |  . . . So.  .   |
[    8.829196] cloud-init[955]: |   . o . +. .    |
[    8.829443] cloud-init[955]: |    + o.+=.o     |
[    8.829818] cloud-init[955]: |   . . .BoB..    |
[    8.830061] cloud-init[955]: |       o=O=*=+   |
[    8.830308] cloud-init[955]: +----[SHA256]-----+
[[0;32m  OK  [0m] Started ACPI event daemon.
[    8.830435] cloud-init[955]: Generating public/private ed25519 key pair.
         [    8.840290] cloud-init[955]: Your identification has been saved in /etc/ssh/ssh_host_ed25519_key.
[    8.840585] cloud-init[955]: Your public key has been saved in /etc/ssh/ssh_host_ed25519_key.pub.
[    8.840832] cloud-init[955]: The key fingerprint is:
[    8.841075] cloud-init[955]: SHA256:qD6vqzvFuocNR54DFwfxK5V53eLwCBFpCCsMlzbwxZ4 root@ubuntu-xenial
[    8.841334] cloud-init[955]: The key's randomart image is:
[    8.841574] cloud-init[955]: +--[ED25519 256]--+
[    8.841821] cloud-init[955]: |o.o+++oo         |
[    8.842068] cloud-init[955]: |oo+o+.++ . .     |
[    8.842629] cloud-init[955]: |.ooo =* o o .    |
[    8.842809] cloud-init[955]: | .. E. = = .     |
[    8.843050] cloud-init[955]: |   *..o S o      |
[    8.843278] cloud-init[955]: |  . Bo           |
[    8.843561] cloud-init[955]: |   B..           |
[    8.843764] cloud-init[955]: |  +.+            |
Starting LXD - container startup/shutdown...
         Starting Accounts Service...
         Starting LSB: Record successful boot for GRUB...
[    8.844173] cloud-init[955]: |  +*+=.          |
[    8.861473] cloud-init[955]: +----[SHA256]-----+
         Starting /etc/rc.local Compatibility...
         Starting Snappy daemon...
         Starting System Logging Service...
[[0;32m  OK  [0m] Started Regular background program processing daemon.
[[0;32m  OK  [0m] Started /etc/rc.local Compatibility.
[[0;32m  OK  [0m] Started iSCSI initiator daemon (iscsid).
[[0;32m  OK  [0m] Started System Logging Service.
[[0;32m  OK  [0m] Started LSB: MD monitoring daemon.
[[0;32m  OK  [0m] Started Login Service.
[[0;32m  OK  [0m] Started Unattended Upgrades Shutdown.
         Starting Authenticate and Authorize Users to Run Privileged Tasks...
         Starting Login to default iSCSI targets...
[[0;32m  OK  [0m] Started LSB: Record successful boot for GRUB.
[[0;32m  OK  [0m] Started Login to default iSCSI targets.
[[0;32m  OK  [0m] Reached target Remote File Systems (Pre).
[[0;32m  OK  [0m] Reached target Remote File Systems.
         Starting Permit User Sessions...
         Starting LSB: Set the CPU Frequency Scaling governor to "ondemand"...
         Starting LSB: automatic crash report generation...
         Starting LSB: daemon to balance interrupts for SMP systems...
[[0;32m  OK  [0m] Started Virtualbox guest utils.
[[0;32m  OK  [0m] Started LXD - container startup/shutdown.
[[0;32m  OK  [0m] Started Permit User Sessions.
[[0;32m  OK  [0m] Started Authenticate and Authorize Users to Run Privileged Tasks.
[[0;32m  OK  [0m] Started Accounts Service.
[[0;32m  OK  [0m] Started Snappy daemon.
         Starting Wait until snapd is fully seeded...
         Starting Terminate Plymouth Boot Screen...
         Starting Hold until boot process finishes up...
[[0;32m  OK  [0m] Started LSB: Set the CPU Frequency Scaling governor to "ondemand".
[[0;32m  OK  [0m] Started LSB: daemon to balance interrupts for SMP systems.
[[0;32m  OK  [0m] Started Hold until boot process finishes up.
[[0;32m  OK  [0m] Started Terminate Plymouth Boot Screen.
[[0;32m  OK  [0m] Started LSB: automatic crash report generation.
[[0;32m  OK  [0m] Started Getty on tty1.
         Starting Set console scheme...
[[0;32m  OK  [0m] Started Serial Getty on ttyS0.
[[0;32m  OK  [0m] Reached target Login Prompts.
[[0;32m  OK  [0m] Started Set console scheme.
[[0;32m  OK  [0m] Started Pollinate to seed the pseudo random number generator.
         Starting OpenBSD Secure Shell server...
[[0;32m  OK  [0m] Started OpenBSD Secure Shell server.
[[0;32m  OK  [0m] Started Wait until snapd is fully seeded.
         Starting Apply the settings specified in cloud-config...
[[0;32m  OK  [0m] Reached target Multi-User System.
[[0;32m  OK  [0m] Reached target Graphical Interface.
         Starting Update UTMP about System Runlevel Changes...
[[0;32m  OK  [0m] Started Update UTMP about System Runlevel Changes.
[   11.081993] cloud-init[1284]: Generating locales (this might take a while)...
[   11.870397] cloud-init[1284]:   en_US.UTF-8... done
[   11.871663] cloud-init[1284]: Generation complete.
[   12.150577] cloud-init[1284]: Cloud-init v. 18.5-45-g3554ffe8-0ubuntu1~16.04.1 running 'modules:config' at Mon, 13 May 2019 20:14:02 +0000. Up 10.96 seconds.
[[0;32m  OK  [0m] Started Apply the settings specified in cloud-config.
         Starting Execute cloud user/final scripts...
ci-info: no authorized ssh keys fingerprints found for user ubuntu.
<14>May 13 20:14:04 ec2: 
<14>May 13 20:14:04 ec2: #############################################################
<14>May 13 20:14:04 ec2: -----BEGIN SSH HOST KEY FINGERPRINTS-----
<14>May 13 20:14:04 ec2: 1024 SHA256:tESc/gtjD+jxveG8U46ZBc7T5GdrYinY6YiPHQk7oq0 root@ubuntu-xenial (DSA)
<14>May 13 20:14:04 ec2: 256 SHA256:udK5L8lrV0XLiPJurz4/uziJuV4EM6UktimsvWxHJHg root@ubuntu-xenial (ECDSA)
<14>May 13 20:14:04 ec2: 256 SHA256:qD6vqzvFuocNR54DFwfxK5V53eLwCBFpCCsMlzbwxZ4 root@ubuntu-xenial (ED25519)
<14>May 13 20:14:04 ec2: 2048 SHA256:2BPvYYORQoXdqrEo8TFMgmLHqFCHjN4RuofS6F/xWzo root@ubuntu-xenial (RSA)
<14>May 13 20:14:04 ec2: -----END SSH HOST KEY FINGERPRINTS-----
<14>May 13 20:14:04 ec2: #############################################################
-----BEGIN SSH HOST KEY KEYS-----
ecdsa-sha2-nistp256 AAAAE2VjZHNhLXNoYTItbmlzdHAyNTYAAAAIbmlzdHAyNTYAAABBBJqwhWRB0cvU7juatznINP0mZefYMqFWNkzQH9DlWmxhJIy7NzvJinWSdSVvw1YUvpvNZ/HwG1igzc0hAjI4zsI= root@ubuntu-xenial
ssh-ed25519 AAAAC3NzaC1lZDI1NTE5AAAAICcOgGB6MDkBnLY7p9wnL/UUjCOV4IYY42ehryALpCDn root@ubuntu-xenial
ssh-rsa AAAAB3NzaC1yc2EAAAADAQABAAABAQDjJvWbpuOrs3rNMoktQZxDa9EXBqq/oBdtIBmIiAacQhhWWZMCAe3SO966Scdcl0rvYx+4syaKZQKoe60PSey74t9HKoTF116qlWtbi334E5yz4E+/QBgPan4c+tmP/H+bDYsV3JRXPu0t3NeBX40O0okij85Yl6XstM5Ch7x0sphh4D0FHUJgs8uwFjDXbRX45+KcVPwbZpYnHdkMIS0f7V9l05nxbg9kHvVNfgkT4zMYdz8epqyOE50fGlCGnUO7RaIqnJEsequ23ze805RFFWN7feYQNc+bSCo2TMvuVe5vH0vUJxms4QwuV3MNmVG3jBDP35Ga2uXUhawuAjQ/ root@ubuntu-xenial
-----END SSH HOST KEY KEYS-----
[   12.699818] cloud-init[1328]: Cloud-init v. 18.5-45-g3554ffe8-0ubuntu1~16.04.1 running 'modules:final' at Mon, 13 May 2019 20:14:04 +0000. Up 12.53 seconds.
[   12.701359] cloud-init[1328]: ci-info: no authorized ssh keys fingerprints found for user ubuntu.
[   12.708821] cloud-init[1328]: Cloud-init v. 18.5-45-g3554ffe8-0ubuntu1~16.04.1 finished at Mon, 13 May 2019 20:14:04 +0000. Datasource DataSourceNoCloud [seed=/dev/sdb][dsmode=net].  Up 12.69 seconds
[[0;32m  OK  [0m] Started Execute cloud user/final scripts.
[[0;32m  OK  [0m] Reached target Cloud-init target.

Ubuntu 16.04.6 LTS ubuntu-xenial ttyS0

ubuntu-xenial login: 