[    0.000000] Initializing cgroup subsys cpuset
[    0.000000] Initializing cgroup subsys cpu
[    0.000000] Initializing cgroup subsys cpuacct
[    0.000000] Linux version 4.4.0-143-generic (buildd@lgw01-amd64-041) (gcc version 5.4.0 20160609 (Ubuntu 5.4.0-6ubuntu1~16.04.10) ) #169-Ubuntu SMP Thu Feb 7 07:56:38 UTC 2019 (Ubuntu 4.4.0-143.169-generic 4.4.170)
[    0.000000] Command line: BOOT_IMAGE=/boot/vmlinuz-4.4.0-143-generic root=LABEL=cloudimg-rootfs ro console=tty1 console=ttyS0
[    0.000000] KERNEL supported cpus:
[    0.000000]   Intel GenuineIntel
[    0.000000]   AMD AuthenticAMD
[    0.000000]   Centaur CentaurHauls
[    0.000000] x86/fpu: xstate_offset[2]:  576, xstate_sizes[2]:  256
[    0.000000] x86/fpu: Supporting XSAVE feature 0x01: 'x87 floating point registers'
[    0.000000] x86/fpu: Supporting XSAVE feature 0x02: 'SSE registers'
[    0.000000] x86/fpu: Supporting XSAVE feature 0x04: 'AVX registers'
[    0.000000] x86/fpu: Enabled xstate features 0x7, context size is 832 bytes, using 'standard' format.
[    0.000000] e820: BIOS-provided physical RAM map:
[    0.000000] BIOS-e820: [mem 0x0000000000000000-0x000000000009fbff] usable
[    0.000000] BIOS-e820: [mem 0x000000000009fc00-0x000000000009ffff] reserved
[    0.000000] BIOS-e820: [mem 0x00000000000f0000-0x00000000000fffff] reserved
[    0.000000] BIOS-e820: [mem 0x0000000000100000-0x000000007ffeffff] usable
[    0.000000] BIOS-e820: [mem 0x000000007fff0000-0x000000007fffffff] ACPI data
[    0.000000] BIOS-e820: [mem 0x00000000fec00000-0x00000000fec00fff] reserved
[    0.000000] BIOS-e820: [mem 0x00000000fee00000-0x00000000fee00fff] reserved
[    0.000000] BIOS-e820: [mem 0x00000000fffc0000-0x00000000ffffffff] reserved
[    0.000000] NX (Execute Disable) protection: active
[    0.000000] SMBIOS 2.5 present.
[    0.000000] Hypervisor detected: KVM
[    0.000000] e820: last_pfn = 0x7fff0 max_arch_pfn = 0x400000000
[    0.000000] MTRR: Disabled
[    0.000000] x86/PAT: MTRRs disabled, skipping PAT initialization too.
[    0.000000] CPU MTRRs all blank - virtualized system.
[    0.000000] x86/PAT: Configuration [0-7]: WB  WT  UC- UC  WB  WT  UC- UC  
[    0.000000] found SMP MP-table at [mem 0x0009fff0-0x0009ffff] mapped at [ffff88000009fff0]
[    0.000000] Scanning 1 areas for low memory corruption
[    0.000000] RAMDISK: [mem 0x362fa000-0x37174fff]
[    0.000000] ACPI: Early table checksum verification disabled
[    0.000000] ACPI: RSDP 0x00000000000E0000 000024 (v02 VBOX  )
[    0.000000] ACPI: XSDT 0x000000007FFF0030 00003C (v01 VBOX   VBOXXSDT 00000001 ASL  00000061)
[    0.000000] ACPI: FACP 0x000000007FFF00F0 0000F4 (v04 VBOX   VBOXFACP 00000001 ASL  00000061)
[    0.000000] ACPI: DSDT 0x000000007FFF0470 0022EA (v02 VBOX   VBOXBIOS 00000002 INTL 20100528)
[    0.000000] ACPI: FACS 0x000000007FFF0200 000040
[    0.000000] ACPI: FACS 0x000000007FFF0200 000040
[    0.000000] ACPI: APIC 0x000000007FFF0240 00005C (v02 VBOX   VBOXAPIC 00000001 ASL  00000061)
[    0.000000] ACPI: SSDT 0x000000007FFF02A0 0001CC (v01 VBOX   VBOXCPUT 00000002 INTL 20100528)
[    0.000000] No NUMA configuration found
[    0.000000] Faking a node at [mem 0x0000000000000000-0x000000007ffeffff]
[    0.000000] NODE_DATA(0) allocated [mem 0x7ffeb000-0x7ffeffff]
[    0.000000] kvm-clock: Using msrs 4b564d01 and 4b564d00
[    0.000000] kvm-clock: cpu 0, msr 0:7ffe3001, primary cpu clock
[    0.000000] kvm-clock: using sched offset of 5051790126 cycles
[    0.000000] clocksource: kvm-clock: mask: 0xffffffffffffffff max_cycles: 0x1cd42e4dffb, max_idle_ns: 881590591483 ns
[    0.000000] Zone ranges:
[    0.000000]   DMA      [mem 0x0000000000001000-0x0000000000ffffff]
[    0.000000]   DMA32    [mem 0x0000000001000000-0x000000007ffeffff]
[    0.000000]   Normal   empty
[    0.000000]   Device   empty
[    0.000000] Movable zone start for each node
[    0.000000] Early memory node ranges
[    0.000000]   node   0: [mem 0x0000000000001000-0x000000000009efff]
[    0.000000]   node   0: [mem 0x0000000000100000-0x000000007ffeffff]
[    0.000000] Initmem setup node 0 [mem 0x0000000000001000-0x000000007ffeffff]
[    0.000000] ACPI: PM-Timer IO Port: 0x4008
[    0.000000] IOAPIC[0]: apic_id 2, version 32, address 0xfec00000, GSI 0-23
[    0.000000] ACPI: INT_SRC_OVR (bus 0 bus_irq 0 global_irq 2 dfl dfl)
[    0.000000] ACPI: INT_SRC_OVR (bus 0 bus_irq 9 global_irq 9 low level)
[    0.000000] Using ACPI (MADT) for SMP configuration information
[    0.000000] smpboot: Allowing 2 CPUs, 0 hotplug CPUs
[    0.000000] PM: Registered nosave memory: [mem 0x00000000-0x00000fff]
[    0.000000] PM: Registered nosave memory: [mem 0x0009f000-0x0009ffff]
[    0.000000] PM: Registered nosave memory: [mem 0x000a0000-0x000effff]
[    0.000000] PM: Registered nosave memory: [mem 0x000f0000-0x000fffff]
[    0.000000] e820: [mem 0x80000000-0xfebfffff] available for PCI devices
[    0.000000] Booting paravirtualized kernel on KVM
[    0.000000] clocksource: refined-jiffies: mask: 0xffffffff max_cycles: 0xffffffff, max_idle_ns: 7645519600211568 ns
[    0.000000] setup_percpu: NR_CPUS:512 nr_cpumask_bits:512 nr_cpu_ids:2 nr_node_ids:1
[    0.000000] PERCPU: Embedded 34 pages/cpu @ffff88007fc00000 s99480 r8192 d31592 u1048576
[    0.000000] Built 1 zonelists in Node order, mobility grouping on.  Total pages: 515960
[    0.000000] Policy zone: DMA32
[    0.000000] Kernel command line: BOOT_IMAGE=/boot/vmlinuz-4.4.0-143-generic root=LABEL=cloudimg-rootfs ro console=tty1 console=ttyS0
[    0.000000] PID hash table entries: 4096 (order: 3, 32768 bytes)
[    0.000000] Memory: 2029896K/2096696K available (8608K kernel code, 1332K rwdata, 4008K rodata, 1484K init, 1316K bss, 66800K reserved, 0K cma-reserved)
[    0.000000] SLUB: HWalign=64, Order=0-3, MinObjects=0, CPUs=2, Nodes=1
[    0.000000] Kernel/User page tables isolation: enabled
[    0.000000] Hierarchical RCU implementation.
[    0.000000] 	Build-time adjustment of leaf fanout to 64.
[    0.000000] 	RCU restricting CPUs from NR_CPUS=512 to nr_cpu_ids=2.
[    0.000000] RCU: Adjusting geometry for rcu_fanout_leaf=64, nr_cpu_ids=2
[    0.000000] NR_IRQS:33024 nr_irqs:440 16
[    0.000000] Console: colour VGA+ 80x25
[    0.000000] console [tty1] enabled
[    0.000000] console [ttyS0] enabled
[    0.000000] tsc: Detected 3092.970 MHz processor
[    0.171175] Calibrating delay loop (skipped) preset value.. 6185.94 BogoMIPS (lpj=12371880)
[    0.173004] pid_max: default: 32768 minimum: 301
[    0.173961] ACPI: Core revision 20150930
[    0.175890] ACPI: 2 ACPI AML tables successfully acquired and loaded
[    0.177221] Security Framework initialized
[    0.178296] Yama: becoming mindful.
[    0.179104] AppArmor: AppArmor initialized
[    0.180954] Dentry cache hash table entries: 262144 (order: 9, 2097152 bytes)
[    0.182836] Inode-cache hash table entries: 131072 (order: 8, 1048576 bytes)
[    0.185861] Mount-cache hash table entries: 4096 (order: 3, 32768 bytes)
[    0.187205] Mountpoint-cache hash table entries: 4096 (order: 3, 32768 bytes)
[    0.188856] Initializing cgroup subsys io
[    0.189778] Initializing cgroup subsys memory
[    0.190945] Initializing cgroup subsys devices
[    0.191958] Initializing cgroup subsys freezer
[    0.192872] Initializing cgroup subsys net_cls
[    0.193776] Initializing cgroup subsys perf_event
[    0.194758] Initializing cgroup subsys net_prio
[    0.195644] Initializing cgroup subsys hugetlb
[    0.196534] Initializing cgroup subsys pids
[    0.197456] mce: CPU supports 0 MCE banks
[    0.198386] Last level iTLB entries: 4KB 512, 2MB 8, 4MB 8
[    0.199793] Last level dTLB entries: 4KB 512, 2MB 32, 4MB 32, 1GB 0
[    0.201020] Spectre V2 : Mitigation: Full generic retpoline
[    0.202171] Spectre V2 : Spectre v2 / SpectreRSB mitigation: Filling RSB on context switch
[    0.203919] Speculative Store Bypass: Vulnerable
[    0.208356] Freeing SMP alternatives memory: 32K
[    0.215762] ftrace: allocating 32278 entries in 127 pages
[    0.282949] smpboot: APIC(0) Converting physical 0 to logical package 0
[    0.284238] smpboot: Max logical packages: 1
[    0.285446] x2apic enabled
[    0.286389] Switched APIC routing to physical x2apic.
[    0.288576] ..TIMER: vector=0x30 apic1=0 pin1=2 apic2=-1 pin2=-1
[    0.394726] smpboot: CPU0: Intel(R) Core(TM) i5-2400 CPU @ 3.10GHz (family: 0x6, model: 0x2a, stepping: 0x7)
[    0.397103] Performance Events: unsupported p6 CPU model 42 no PMU driver, software events only.
[    0.412185] KVM setup paravirtual spinlock
[    0.415017] x86: Booting SMP configuration:
[    0.416014] .... node  #0, CPUs:      #1
[    0.417114] kvm-clock: cpu 1, msr 0:7ffe3041, secondary cpu clock
[    0.419005] mce: CPU supports 0 MCE banks
[    0.421592] x86: Booted up 1 node, 2 CPUs
[    0.422769] smpboot: Total of 2 processors activated (12371.88 BogoMIPS)
[    0.425097] devtmpfs: initialized
[    0.427917] evm: security.selinux
[    0.428664] evm: security.SMACK64
[    0.429396] evm: security.SMACK64EXEC
[    0.430216] evm: security.SMACK64TRANSMUTE
[    0.431113] evm: security.SMACK64MMAP
[    0.431990] evm: security.ima
[    0.432678] evm: security.capability
[    0.433886] clocksource: jiffies: mask: 0xffffffff max_cycles: 0xffffffff, max_idle_ns: 7645041785100000 ns
[    0.435847] futex hash table entries: 512 (order: 3, 32768 bytes)
[    0.437199] pinctrl core: initialized pinctrl subsystem
[    0.438453] RTC time:  8:49:38, date: 03/29/19
[    0.439572] NET: Registered protocol family 16
[    0.452678] cpuidle: using governor ladder
[    0.463477] cpuidle: using governor menu
[    0.464407] PCCT header not found.
[    0.465545] ACPI: bus type PCI registered
[    0.466408] acpiphp: ACPI Hot Plug PCI Controller Driver version: 0.5
[    0.467857] PCI: Using configuration type 1 for base access
[    0.480536] ACPI: Added _OSI(Module Device)
[    0.481595] ACPI: Added _OSI(Processor Device)
[    0.482593] ACPI: Added _OSI(3.0 _SCP Extensions)
[    0.483652] ACPI: Added _OSI(Processor Aggregator Device)
[    0.485588] ACPI: Executed 1 blocks of module-level executable AML code
[    0.489318] ACPI: Interpreter enabled
[    0.490307] ACPI: (supports S0 S5)
[    0.491233] ACPI: Using IOAPIC for interrupt routing
[    0.492702] PCI: Using host bridge windows from ACPI; if necessary, use "pci=nocrs" and report a bug
[    0.498419] ACPI: PCI Root Bridge [PCI0] (domain 0000 [bus 00-ff])
[    0.499710] acpi PNP0A03:00: _OSC: OS supports [ASPM ClockPM Segments MSI]
[    0.501324] acpi PNP0A03:00: _OSC: not requesting OS control; OS requires [ExtendedConfig ASPM ClockPM MSI]
[    0.503509] acpi PNP0A03:00: fail to add MMCONFIG information, can't access extended PCI configuration space under this bridge.
[    0.506331] PCI host bridge to bus 0000:00
[    0.508093] pci_bus 0000:00: root bus resource [io  0x0000-0x0cf7 window]
[    0.509421] pci_bus 0000:00: root bus resource [io  0x0d00-0xffff window]
[    0.510761] pci_bus 0000:00: root bus resource [mem 0x000a0000-0x000bffff window]
[    0.512589] pci_bus 0000:00: root bus resource [mem 0x80000000-0xfdffffff window]
[    0.514632] pci_bus 0000:00: root bus resource [bus 00-ff]
[    0.517874] pci 0000:00:01.1: legacy IDE quirk: reg 0x10: [io  0x01f0-0x01f7]
[    0.519522] pci 0000:00:01.1: legacy IDE quirk: reg 0x14: [io  0x03f6]
[    0.521534] pci 0000:00:01.1: legacy IDE quirk: reg 0x18: [io  0x0170-0x0177]
[    0.523063] pci 0000:00:01.1: legacy IDE quirk: reg 0x1c: [io  0x0376]
[    0.570767] pci 0000:00:07.0: quirk: [io  0x4000-0x403f] claimed by PIIX4 ACPI
[    0.572431] pci 0000:00:07.0: quirk: [io  0x4100-0x410f] claimed by PIIX4 SMB
[    0.611711] ACPI: PCI Interrupt Link [LNKA] (IRQs 5 9 10 *11)
[    0.613499] ACPI: PCI Interrupt Link [LNKB] (IRQs 5 9 *10 11)
[    0.615137] ACPI: PCI Interrupt Link [LNKC] (IRQs 5 *9 10 11)
[    0.616815] ACPI: PCI Interrupt Link [LNKD] (IRQs 5 9 10 *11)
[    0.618572] ACPI: Enabled 2 GPEs in block 00 to 07
[    0.620080] vgaarb: setting as boot device: PCI:0000:00:02.0
[    0.621171] vgaarb: device added: PCI:0000:00:02.0,decodes=io+mem,owns=io+mem,locks=none
[    0.623069] vgaarb: loaded
[    0.623778] vgaarb: bridge control possible 0000:00:02.0
[    0.625234] SCSI subsystem initialized
[    0.626238] ACPI: bus type USB registered
[    0.627150] usbcore: registered new interface driver usbfs
[    0.628299] usbcore: registered new interface driver hub
[    0.629352] usbcore: registered new device driver usb
[    0.630589] PCI: Using ACPI for IRQ routing
[    0.631896] NetLabel: Initializing
[    0.632719] NetLabel:  domain hash size = 128
[    0.633648] NetLabel:  protocols = UNLABELED CIPSOv4
[    0.634708] NetLabel:  unlabeled traffic allowed by default
[    0.636024] amd_nb: Cannot enumerate AMD northbridges
[    0.637114] clocksource: Switched to clocksource kvm-clock
[    0.646748] AppArmor: AppArmor Filesystem Enabled
[    0.647956] pnp: PnP ACPI init
[    0.649665] pnp: PnP ACPI: found 3 devices
[    0.661595] clocksource: acpi_pm: mask: 0xffffff max_cycles: 0xffffff, max_idle_ns: 2085701024 ns
[    0.663434] NET: Registered protocol family 2
[    0.664559] TCP established hash table entries: 16384 (order: 5, 131072 bytes)
[    0.666558] TCP bind hash table entries: 16384 (order: 6, 262144 bytes)
[    0.668026] TCP: Hash tables configured (established 16384 bind 16384)
[    0.669283] UDP hash table entries: 1024 (order: 3, 32768 bytes)
[    0.670481] UDP-Lite hash table entries: 1024 (order: 3, 32768 bytes)
[    0.671918] NET: Registered protocol family 1
[    0.672858] pci 0000:00:00.0: Limiting direct PCI/PCI transfers
[    0.674288] pci 0000:00:01.0: Activating ISA DMA hang workarounds
[    0.675685] Unpacking initramfs...
[    0.912416] Freeing initrd memory: 14828K
[    0.913764] RAPL PMU detected, API unit is 2^-32 Joules, 3 fixed counters 10737418240 ms ovfl timer
[    0.915704] hw unit of domain pp0-core 2^-0 Joules
[    0.916727] hw unit of domain package 2^-0 Joules
[    0.917720] hw unit of domain pp1-gpu 2^-0 Joules
[    0.918801] platform rtc_cmos: registered platform RTC device (no PNP device found)
[    0.920432] Scanning for low memory corruption every 60 seconds
[    0.922397] audit: initializing netlink subsys (disabled)
[    0.923480] audit: type=2000 audit(1553849384.777:1): initialized
[    0.925141] Initialise system trusted keyring
[    0.926312] HugeTLB registered 2 MB page size, pre-allocated 0 pages
[    0.929194] zbud: loaded
[    0.930357] VFS: Disk quotas dquot_6.6.0
[    0.931245] VFS: Dquot-cache hash table entries: 512 (order 0, 4096 bytes)
[    0.932953] squashfs: version 4.0 (2009/01/31) Phillip Lougher
[    0.934488] fuse init (API version 7.23)
[    0.935564] Key type big_key registered
[    0.936683] Allocating IMA MOK and blacklist keyrings.
[    0.939605] Key type asymmetric registered
[    0.940525] Asymmetric key parser 'x509' registered
[    0.941831] Block layer SCSI generic (bsg) driver version 0.4 loaded (major 249)
[    0.943476] io scheduler noop registered
[    0.944314] io scheduler deadline registered (default)
[    0.945557] io scheduler cfq registered
[    0.946578] pci_hotplug: PCI Hot Plug PCI Core version: 0.5
[    0.947722] pciehp: PCI Express Hot Plug Controller Driver version: 0.4
[    0.949124] ACPI: AC Adapter [AC] (on-line)
[    0.950112] input: Power Button as /devices/LNXSYSTM:00/LNXPWRBN:00/input/input0
[    0.951734] ACPI: Power Button [PWRF]
[    0.952700] input: Sleep Button as /devices/LNXSYSTM:00/LNXSLPBN:00/input/input1
[    0.954398] ACPI: Sleep Button [SLPF]
[    0.955424] GHES: HEST is not enabled!
[    0.956453] Serial: 8250/16550 driver, 32 ports, IRQ sharing enabled
 	
 !"#$%&'()*+,-./0123456789:;<=>?@ABCDEFGHIJKLMNOPQRSTUVWXYZ[\]^_`abcdefghijklmnopqrstuvwxyz{|}~ÄÅÇÉÑÖÜáàâäãåçéèêëíìîïñóòõúùûü†°¢£§•¶ß®©™´¨≠ÆØ∞±≤≥¥µ∂∑∏π∫ªºΩæø¿¡¬√ƒ≈∆«»… ÀÃÕŒœ–—“”‘’÷◊ÿŸ⁄€‹›ﬁﬂ‡·‚„‰ÂÊÁËÈÍÎÏÌÓÔÒÚÛÙıˆ˜¯˘˙˚¸˝˛ˇ[    0.979974] 00:02: ttyS0 at I/O 0x3f8 (irq = 4, base_baud = 115200) is a 16550A
[    0.984489] Linux agpgart interface v0.103
[    0.988521] loop: module loaded
[    0.990114] scsi host0: ata_piix
[    0.991309] scsi host1: ata_piix
[    0.992224] ata1: PATA max UDMA/33 cmd 0x1f0 ctl 0x3f6 bmdma 0xd000 irq 14
[    0.993767] ata2: PATA max UDMA/33 cmd 0x170 ctl 0x376 bmdma 0xd008 irq 15
[    0.995502] libphy: Fixed MDIO Bus: probed
[    0.996458] tun: Universal TUN/TAP device driver, 1.6
[    0.997443] tun: (C) 1999-2004 Max Krasnyansky <maxk@qualcomm.com>
[    0.998792] PPP generic driver version 2.4.2
[    0.999775] ehci_hcd: USB 2.0 'Enhanced' Host Controller (EHCI) Driver
[    1.001011] ehci-pci: EHCI PCI platform driver
[    1.002215] ehci-platform: EHCI generic platform driver
[    1.003257] ohci_hcd: USB 1.1 'Open' Host Controller (OHCI) Driver
[    1.004440] ohci-pci: OHCI PCI platform driver
[    1.005538] ohci-platform: OHCI generic platform driver
[    1.006883] uhci_hcd: USB Universal Host Controller Interface driver
[    1.008427] i8042: PNP: PS/2 Controller [PNP0303:PS2K,PNP0f03:PS2M] at 0x60,0x64 irq 1,12
[    1.011396] serio: i8042 KBD port at 0x60,0x64 irq 1
[    1.012465] serio: i8042 AUX port at 0x60,0x64 irq 12
[    1.013855] mousedev: PS/2 mouse device common for all mice
[    1.015452] input: AT Translated Set 2 keyboard as /devices/platform/i8042/serio0/input/input2
[    1.017714] rtc_cmos rtc_cmos: rtc core: registered rtc_cmos as rtc0
[    1.019224] rtc_cmos rtc_cmos: alarms up to one day, 114 bytes nvram
[    1.020507] i2c /dev entries driver
[    1.021388] device-mapper: uevent: version 1.0.3
[    1.022540] device-mapper: ioctl: 4.34.0-ioctl (2015-10-28) initialised: dm-devel@redhat.com
[    1.024686] ledtrig-cpu: registered to indicate activity on CPUs
[    1.026565] NET: Registered protocol family 10
[    1.027692] NET: Registered protocol family 17
[    1.028620] Key type dns_resolver registered
[    1.029996] registered taskstats version 1
[    1.030926] Loading compiled-in X.509 certificates
[    1.032850] Loaded X.509 cert 'Build time autogenerated kernel key: d03773f65dd2b75b701d4dd50cb1e8d0c07b3b6e'
[    1.035094] zswap: loaded using pool lzo/zbud
[    1.038905] Key type trusted registered
[    1.044795] Key type encrypted registered
[    1.045825] AppArmor: AppArmor sha1 policy hashing enabled
[    1.046932] ima: No TPM chip found, activating TPM-bypass!
[    1.048151] ima: Allocated hash algorithm: sha1
[    1.049181] evm: HMAC attrs: 0x1
[    1.050456]   Magic number: 11:794:827
[    1.051257] misc hw_random: hash matches
[    1.052303] rtc_cmos rtc_cmos: setting system clock to 2019-03-29 08:49:39 UTC (1553849379)
[    1.054208] BIOS EDD facility v0.16 2004-Jun-25, 0 devices found
[    1.055396] EDD information not available.
[    1.150709] Freeing unused kernel memory: 1484K
[    1.151824] Write protecting the kernel read-only data: 14336k
[    1.153715] Freeing unused kernel memory: 1620K
[    1.154914] Freeing unused kernel memory: 88K
Loading, please wait...
starting version 229
[    1.172934] random: systemd-udevd: uninitialized urandom read (16 bytes read, 2 bits of entropy available)
[    1.173835] random: udevadm: uninitialized urandom read (16 bytes read, 2 bits of entropy available)
[    1.173872] random: udevadm: uninitialized urandom read (16 bytes read, 2 bits of entropy available)
[    1.182104] random: systemd-udevd: uninitialized urandom read (16 bytes read, 2 bits of entropy available)
[    1.184184] random: systemd-udevd: uninitialized urandom read (16 bytes read, 2 bits of entropy available)
[    1.186664] random: systemd-udevd: uninitialized urandom read (16 bytes read, 2 bits of entropy available)
[    1.190043] random: udevadm: uninitialized urandom read (16 bytes read, 2 bits of entropy available)
[    1.190774] random: systemd-udevd: uninitialized urandom read (16 bytes read, 2 bits of entropy available)
[    1.190795] random: systemd-udevd: uninitialized urandom read (16 bytes read, 2 bits of entropy available)
[    1.190807] random: systemd-udevd: uninitialized urandom read (16 bytes read, 2 bits of entropy available)
[    1.265058] Fusion MPT base driver 3.04.20
[    1.266024] Copyright (c) 1999-2008 LSI Corporation
[    1.283514] e1000: Intel(R) PRO/1000 Network Driver - version 7.3.21-k8-NAPI
[    1.284900] e1000: Copyright (c) 1999-2006 Intel Corporation.
[    1.304887] Fusion MPT SPI Host driver 3.04.20
[    1.307850] AVX version of gcm_enc/dec engaged.
[    1.308915] AES CTR mode by8 optimization enabled
[    1.504841] input: ImExPS/2 Generic Explorer Mouse as /devices/platform/i8042/serio1/input/input4
[    1.690032] e1000 0000:00:03.0 eth0: (PCI:33MHz:32-bit) 02:30:52:25:60:69
[    1.691844] e1000 0000:00:03.0 eth0: Intel(R) PRO/1000 Network Connection
[    1.693996] mptbase: ioc0: Initiating bringup
[    1.946283] tsc: Refined TSC clocksource calibration: 3091.807 MHz
[    1.947454] clocksource: tsc: mask: 0xffffffffffffffff max_cycles: 0x2c910c272cb, max_idle_ns: 440795211993 ns
[    1.949867] ioc0: LSI53C1030 A0: Capabilities={Initiator}
[    2.991879] scsi host2: ioc0: LSI53C1030 A0, FwRev=00000000h, Ports=1, MaxQ=256, IRQ=20
[    3.925780] scsi 2:0:0:0: Direct-Access     VBOX     HARDDISK         1.0  PQ: 0 ANSI: 5
[    3.927606] scsi target2:0:0: Beginning Domain Validation
[    3.930594] scsi target2:0:0: Domain Validation skipping write tests
[    3.932211] scsi target2:0:0: Ending Domain Validation
[    3.933398] scsi target2:0:0: asynchronous
[    3.934848] scsi 2:0:1:0: Direct-Access     VBOX     HARDDISK         1.0  PQ: 0 ANSI: 5
[    3.936516] scsi target2:0:1: Beginning Domain Validation
[    3.950282] scsi target2:0:1: Domain Validation skipping write tests
[    3.951527] scsi target2:0:1: Ending Domain Validation
[    3.952713] scsi target2:0:1: asynchronous
[    3.970841] sd 2:0:0:0: Attached scsi generic sg0 type 0
[    3.972368] sd 2:0:0:0: [sda] 20971520 512-byte logical blocks: (10.7 GB/10.0 GiB)
[    3.975627] sd 2:0:1:0: Attached scsi generic sg1 type 0
[    3.976767] sd 2:0:1:0: [sdb] 20480 512-byte logical blocks: (10.5 MB/10.0 MiB)
[    3.979409] sd 2:0:1:0: [sdb] Write Protect is off
[    3.980677] sd 2:0:0:0: [sda] Write Protect is off
[    3.982233] sd 2:0:1:0: [sdb] Incomplete mode parameter data
[    3.983658] sd 2:0:1:0: [sdb] Assuming drive cache: write through
[    3.985292] sd 2:0:0:0: [sda] Incomplete mode parameter data
[    3.986474] sd 2:0:0:0: [sda] Assuming drive cache: write through
[    4.037223]  sda: sda1
[    4.039734] sd 2:0:1:0: [sdb] Attached SCSI disk
[    4.041414] sd 2:0:0:0: [sda] Attached SCSI disk
[    4.332066] e1000 0000:00:08.0 eth1: (PCI:33MHz:32-bit) 08:00:27:17:dd:4d
[    4.333599] e1000 0000:00:08.0 eth1: Intel(R) PRO/1000 Network Connection
[    4.336295] e1000 0000:00:08.0 enp0s8: renamed from eth1
[    4.358250] e1000 0000:00:03.0 enp0s3: renamed from eth0
Begin: Loading essential drivers ... [    5.749142] md: linear personality registered for level -1
[    5.754619] md: multipath personality registered for level -4
[    5.759720] md: raid0 personality registered for level 0
[    5.765815] md: raid1 personality registered for level 1
[    5.837690] raid6: sse2x1   gen()  6933 MB/s
[    5.905220] raid6: sse2x1   xor()  5769 MB/s
[    5.973282] raid6: sse2x2   gen()  8622 MB/s
[    6.041212] raid6: sse2x2   xor()  6539 MB/s
[    6.109241] raid6: sse2x4   gen() 11149 MB/s
[    6.177219] raid6: sse2x4   xor()  8104 MB/s
[    6.178783] raid6: using algorithm sse2x4 gen() 11149 MB/s
[    6.179929] raid6: .... xor() 8104 MB/s, rmw enabled
[    6.180965] raid6: using ssse3x2 recovery algorithm
[    6.183839] xor: automatically using best checksumming function:
[    6.221141]    avx       : 19937.000 MB/sec
[    6.223956] async_tx: api initialized (async)
[    6.239328] md: raid6 personality registered for level 6
[    6.240862] md: raid5 personality registered for level 5
[    6.244196] md: raid4 personality registered for level 4
[    6.253748] md: raid10 personality registered for level 10
done.
Begin: Running /scripts/init-premount ... done.
Begin: Mounting root file system ... Begin: Running /scripts/local-top ... done.
Begin: Running /scripts/local-premount ... [    6.295214] Btrfs loaded
Scanning for Btrfs filesystems
done.
Warning: fsck not present, so skipping root file system
[    6.481031] EXT4-fs (sda1): mounted filesystem with ordered data mode. Opts: (null)
done.
Begin: Running /scripts/local-bottom ... done.
Begin: Running /scripts/init-bottom ... done.
[    6.977054] systemd[1]: systemd 229 running in system mode. (+PAM +AUDIT +SELINUX +IMA +APPARMOR +SMACK +SYSVINIT +UTMP +LIBCRYPTSETUP +GCRYPT +GNUTLS +ACL +XZ -LZ4 +SECCOMP +BLKID +ELFUTILS +KMOD -IDN)
[    6.980723] systemd[1]: Detected virtualization oracle.
[    6.981966] systemd[1]: Detected architecture x86-64.

Welcome to [1mUbuntu 16.04.6 LTS[0m!

[    7.004846] systemd[1]: Set hostname to <ubuntu>.
[    7.044607] systemd[1]: Initializing machine ID from random generator.
[    7.046093] systemd[1]: Installed transient /etc/machine-id file.
[    7.410105] random: nonblocking pool is initialized
[    7.616267] systemd[1]: Started Trigger resolvconf update for networkd DNS.
[[0;32m  OK  [0m] Started Trigger resolvconf update for networkd DNS.
[    7.619000] systemd[1]: Listening on /dev/initctl Compatibility Named Pipe.
[[0;32m  OK  [0m] Listening on /dev/initctl Compatibility Named Pipe.
[    7.621304] systemd[1]: Reached target Swap.
[[0;32m  OK  [0m] Reached target Swap.
[    7.623167] systemd[1]: Reached target User and Group Name Lookups.
[[0;32m  OK  [0m] Reached target User and Group Name Lookups.
[    7.627831] systemd[1]: Listening on Journal Audit Socket.
[[0;32m  OK  [0m] Listening on Journal Audit Socket.
[    7.630569] systemd[1]: Listening on LVM2 poll daemon socket.
[[0;32m  OK  [0m] Listening on LVM2 poll daemon socket.
[    7.633657] systemd[1]: Listening on Journal Socket (/dev/log).
[[0;32m  OK  [0m] Listening on Journal Socket (/dev/log).
[    7.635748] systemd[1]: Listening on Device-mapper event daemon FIFOs.
[[0;32m  OK  [0m] Listening on Device-mapper event daemon FIFOs.
[    7.645614] systemd[1]: Set up automount Arbitrary Executable File Formats File System Automount Point.
[[0;32m  OK  [0m] Set up automount Arbitrary Executab...ats File System Automount Point.
[    7.648836] systemd[1]: Listening on udev Control Socket.
[[0;32m  OK  [0m] Listening on udev Control Socket.
[    7.658398] systemd[1]: Created slice User and Session Slice.
[[0;32m  OK  [0m] Created slice User and Session Slice.
[    7.660945] systemd[1]: Listening on Syslog Socket.
[[0;32m  OK  [0m] Listening on Syslog Socket.
[    7.663825] systemd[1]: Started Forward Password Requests to Wall Directory Watch.
[[0;32m  OK  [0m] Started Forward Password Requests to Wall Directory Watch.
[    7.673801] systemd[1]: Listening on Journal Socket.
[[0;32m  OK  [0m] Listening on Journal Socket.
[    7.676048] systemd[1]: Listening on udev Kernel Socket.
[[0;32m  OK  [0m] Listening on udev Kernel Socket.
[    7.685459] systemd[1]: Listening on LVM2 metadata daemon socket.
[[0;32m  OK  [0m] Listening on LVM2 metadata daemon socket.
[    7.688857] systemd[1]: Created slice System Slice.
[[0;32m  OK  [0m] Created slice System Slice.
[    7.705893] systemd[1]: Starting Load Kernel Modules...
         Starting Load Kernel Modules...
[    7.709736] systemd[1]: Starting Nameserver information manager...
         Starting Nameserver information manager...
[    7.712198] systemd[1]: Created slice system-serial\x2dgetty.slice.
[[0;32m  OK  [0m] Created slice system-serial\x2dgetty.slice.
[    7.715913] systemd[1]: Starting Monitoring of LVM2 mirrors, snapshots etc. using dmeventd or progress polling...
         Starting Monitoring of LVM2 mirrors... dmeventd or progress polling...
[    7.720386] systemd[1]: Starting Create list of required static device nodes for the current kernel...
         Starting Create list of required st... nodes for the current kernel...
[    7.725254] systemd[1]: Mounting Debug File System...
         Mounting Debug File System...
[    7.728807] systemd[1]: Mounting Huge Pages File System...
         Mounting Huge Pages File System...
[    7.738376] systemd[1]: Reached target Slices.
[[0;32m  OK  [0m] Reached target Slices.
[    7.743181] systemd[1]: Starting Remount Root and Kernel File Systems...
         Starting Remount Root and Kernel File Systems...
[    7.747803] systemd[1]: Mounting POSIX Message Queue File System...
         Mounting POSIX Message Queue File System...
[    7.750814] systemd[1]: Starting Uncomplicated firewall...
         Starting Uncomplicated firewall...
[    7.801544] systemd[1]: Starting Journal Service...
         Starting Journal Service...
[    7.809317] systemd[1]: Reached target System Time Synchronized.
[    7.810631] EXT4-fs (sda1): re-mounted. Opts: (null)
[[0;32m  OK  [0m] Reached target System Time Synchronized.
[    7.814071] systemd[1]: Starting Set console keymap...
         Starting Set console keymap...
[    7.816137] systemd[1]: Reached target Encrypted Volumes.
[[0;32m  OK  [0m] Reached target Encrypted Volumes.
[    7.828148] systemd[1]: Mounted POSIX Message Queue File System.
[[0;32m  OK  [0m] Mounted POSIX Message Queue File System.
[    7.837915] Loading iSCSI transport class v2.0-870.
[    7.837930] systemd[1]: Mounted Debug File System.
[[0;32m  OK  [0m] Mounted Debug File System.
[    7.852514] systemd[1]: Mounted Huge Pages File System.
[[0;32m  OK  [0m] Mounted Huge Pages File System.
[    7.866507] systemd[1]: Started Create list of required static device nodes for the current kernel.
[[0;32m  OK  [0m] Started Create list of required sta...ce nodes for the current kernel.
[    7.873310] systemd[1]: Started Remount Root and Kernel File Systems.
[[0;32m  OK  [0m] Started Remount Root and Kernel File Systems.
[    7.889724] iscsi: registered transport (tcp)
[    7.898222] systemd[1]: Started Nameserver information manager.
[[0;32m  OK  [0m] Started Nameserver information manager.
[    7.908754] systemd[1]: Started Uncomplicated firewall.
[[0;32m  OK  [0m] Started Uncomplicated firewall.
[    7.961645] systemd[1]: Starting udev Coldplug all Devices...
         Starting udev Coldplug all Devices...
[    7.974809] systemd[1]: Starting Load/Save Random Seed...
         Starting Load/Save Random Seed...
[    7.981096] systemd[1]: Starting Create Static Device Nodes in /dev...
         Starting Create Static Device Nodes in /dev...
[    7.993056] systemd[1]: Started Set console keymap.
[[0;32m  OK  [0m] Started Set console keymap.
[    8.017837] systemd[1]: Started LVM2 metadata daemon.
[[0;32m  OK  [0m] Started LVM2 metadata daemon.
[    8.024769] systemd[1]: Started Journal Service.
[[0;32m  OK  [0m] Started Journal Service.
         Starting Flush Journal to Persistent Storage...
[    8.047659] iscsi: registered transport (iser)
[[0;32m  OK  [0m] Started Load Kernel Modules.
         Mounting FUSE Control File System...
         Starting Apply Kernel Variables...
[[0;32m  OK  [0m] Mounted FUSE Control File System.
[[0;32m  OK  [0m] Started Load/Save Random Seed.
[[0;32m  OK  [0m] Started udev Coldplug all Devices.
[    8.122619] systemd-journald[397]: Received request to flush runtime journal from PID 1
[[0;32m  OK  [0m] Started Flush Journal to Persistent Storage.
[[0;32m  OK  [0m] Started Apply Kernel Variables.
[[0;32m  OK  [0m] Started Create Static Device Nodes in /dev.
         Starting udev Kernel Device Manager...
[[0;32m  OK  [0m] Started Monitoring of LVM2 mirrors,...ng dmeventd or progress polling.
[[0;32m  OK  [0m] Started udev Kernel Device Manager.
[[0;32m  OK  [0m] Started Dispatch Password Requests to Console Directory Watch.
[[0;32m  OK  [0m] Reached target Local File Systems (Pre).
[[0;32m  OK  [0m] Reached target Local File Systems.
         Starting Create Volatile Files and Directories...
         Starting Tell Plymouth To Write Out Runtime Data...
         Starting Initial cloud-init job (pre-networking)...
         Starting Set console font and keymap...
         Starting LSB: AppArmor initialization...
         Starting Commit a transient machine-id on disk...
[[0;32m  OK  [0m] Started Tell Plymouth To Write Out Runtime Data.
[[0;32m  OK  [0m] Started Commit a transient machine-id on disk.
[[0;32m  OK  [0m] Started Create Volatile Files and Directories.
         Starting Update UTMP about System Boot/Shutdown...
[[0;32m  OK  [0m] Started Update UTMP about System Boot/Shutdown.
[[0;32m  OK  [0m] Found device /dev/ttyS0.
[[0;32m  OK  [0m] Listening on Load/Save RF Kill Switch Status /dev/rfkill Watch.
[[0;32m  OK  [0m] Started Set console font and keymap.
[[0;32m  OK  [0m] Created slice system-getty.slice.
[[0;32m  OK  [0m] Started LSB: AppArmor initialization.
[   11.238597] cloud-init[489]: Cloud-init v. 18.5-45-g3554ffe8-0ubuntu1~16.04.1 running 'init-local' at Fri, 29 Mar 2019 08:49:49 +0000. Up 10.77 seconds.
[[0;32m  OK  [0m] Started Initial cloud-init job (pre-networking).
[[0;32m  OK  [0m] Reached target Network (Pre).
         Starting Raise network interfaces...
[[0;32m  OK  [0m] Started Raise network interfaces.
[[0;32m  OK  [0m] Reached target Network.
         Starting Initial cloud-init job (metadata service crawler)...
[   13.923451] cloud-init[961]: Cloud-init v. 18.5-45-g3554ffe8-0ubuntu1~16.04.1 running 'init' at Fri, 29 Mar 2019 08:49:50 +0000. Up 12.00 seconds.
[   13.926307] cloud-init[961]: ci-info: ++++++++++++++++++++++++++++++++++++++Net device info+++++++++++++++++++++++++++++++++++++++
[   13.927724] cloud-init[961]: ci-info: +--------+-------+----------------------------+---------------+--------+-------------------+
[   13.929274] cloud-init[961]: ci-info: | Device |   Up  |          Address           |      Mask     | Scope  |     Hw-Address    |
[   13.930653] cloud-init[961]: ci-info: +--------+-------+----------------------------+---------------+--------+-------------------+
[   13.932112] cloud-init[961]: ci-info: | enp0s3 |  True |         10.0.2.15          | 255.255.255.0 | global | 02:30:52:25:60:69 |
[   13.933466] cloud-init[961]: ci-info: | enp0s3 |  True | fe80::30:52ff:fe25:6069/64 |       .       |  link  | 02:30:52:25:60:69 |
[   13.934799] cloud-init[961]: ci-info: | enp0s8 | False |             .              |       .       |   .    | 08:00:27:17:dd:4d |
[   13.936176] cloud-init[961]: ci-info: |   lo   |  True |         127.0.0.1          |   255.0.0.0   |  host  |         .         |
[   13.945245] cloud-init[961]: ci-info: |   lo   |  True |          ::1/128           |       .       |  host  |         .         |
[   13.947780] cloud-init[961]: ci-info: +--------+-------+----------------------------+---------------+--------+-------------------+
[   13.951353] cloud-init[961]: ci-info: +++++++++++++++++++++++++++Route IPv4 info++++++++++++++++++++++++++++
[   13.960942] cloud-init[961]: ci-info: +-------+-------------+----------+---------------+-----------+-------+
[   13.962460] cloud-init[961]: ci-info: | Route | Destination | Gateway  |    Genmask    | Interface | Flags |
[   13.964331] cloud-init[961]: ci-info: +-------+-------------+----------+---------------+-----------+-------+
[   13.972585] cloud-init[961]: ci-info: |   0   |   0.0.0.0   | 10.0.2.2 |    0.0.0.0    |   enp0s3  |   UG  |
[   13.975518] cloud-init[961]: ci-info: |   1   |   10.0.2.0  | 0.0.0.0  | 255.255.255.0 |   enp0s3  |   U   |
[   13.985339] cloud-init[961]: ci-info: +-------+-------------+----------+---------------+-----------+-------+
[   13.992900] cloud-init[961]: ci-info: +++++++++++++++++++Route IPv6 info+++++++++++++++++++
[   13.994396] cloud-init[961]: ci-info: +-------+-------------+---------+-----------+-------+
[   13.995655] cloud-init[961]: ci-info: | Route | Destination | Gateway | Interface | Flags |
[   13.996850] cloud-init[961]: ci-info: +-------+-------------+---------+-----------+-------+
[   14.004878] cloud-init[961]: ci-info: |   0   |  fe80::/64  |    ::   |   enp0s3  |   U   |
[   14.006089] cloud-init[961]: ci-info: |   3   |   ff00::/8  |    ::   |   enp0s3  |   U   |
[   14.008976] cloud-init[961]: ci-info: +-------+-------------+---------+-----------+-------+
[   14.016515] cloud-init[961]: Generating public/private rsa key pair.
[[0;32m  OK  [0m] Started Initial cloud-init job (metadata service crawler).
[   14.016800] cloud-init[961]: Your identification has been saved in /etc/ssh/ssh_host_rsa_key.
[   14.019362] cloud-init[961]: Your public key has been saved in /etc/ssh/ssh_host_rsa_key.pub.
[   14.019520] cloud-init[961]: The key fingerprint is:
[   14.019939] cloud-init[961]: SHA256:bRcDORUD18yw8mWR17e4+oLgceSPJ0ul90Yw/Vh7L1s root@ubuntu-xenial
[   14.020223] cloud-init[961]: The key's randomart image is:
[   14.020531] cloud-init[961]: +---[RSA 2048]----+
[   14.020935] cloud-init[961]: |          o+**...|
[   14.021182] cloud-init[961]: |          oo o=.+|
[   14.021463] cloud-init[961]: |          ..= +.o|
[   14.021733] cloud-init[961]: |         o = B o |
[   14.022198] cloud-init[961]: |        S o.= = .|
[   14.022482] cloud-init[961]: |       o +o. + o.|
[[0;32m  OK  [0m] Reached target Network is Online.
[   14.025117] cloud-init[961]: |      . +o+.o   E|
[   14.032933] cloud-init[961]: |       ..+.=.....|
[   14.033653] cloud-init[961]: |         .+ +o.o |
[   14.034529] cloud-init[961]: +----[SHA256]-----+
[   14.035488] cloud-init[961]: Generating public/private dsa key pair.
[   14.036545] cloud-init[961]: Your identification has been saved in /etc/ssh/ssh_host_dsa_key.
[   14.037588] cloud-init[961]: Your public key has been saved in /etc/ssh/ssh_host_dsa_key.pub.
[   14.038755] cloud-init[961]: The key fingerprint is:
[   14.039729] cloud-init[961]: SHA256:5+kQ7bnNdf5i6Vm5s95fAyldZSDuNeJUvIUgdNbmvOc root@ubuntu-xenial
[   14.041702] cloud-init[961]: The key's randomart image is:
[   14.042891] cloud-init[961]: +---[DSA 1024]----+
[   14.043642] cloud-init[961]: |         .o =+ooo|
[   14.044964] cloud-init[961]: |           = o=.o|
[   14.045152] cloud-init[961]: |            ++o+ |
[   14.045743] cloud-init[961]: |         . +.o*. |
[   14.046164] cloud-init[961]: |        S o.o+ . |
[   14.046259] cloud-init[961]: |         = o. o o|
[   14.046482] cloud-init[961]: |        . =   .*+|
[   14.046912] cloud-init[961]: |         o + .+*E|
         Starting iSCSI initiator daemon (iscsid)...
[   14.047307] cloud-init[961]: |          o oo+=X|
[   14.050091] cloud-init[961]: +----[SHA256]-----+
[[0;32m  OK  [0m] Reached target System Initialization.
[   14.050386] cloud-init[961]: Generating public/private ecdsa key pair.
[   14.051844] cloud-init[961]: Your identification has been saved in /etc/ssh/ssh_host_ecdsa_key.
[   14.052547] cloud-init[961]: Your public key has been saved in /etc/ssh/ssh_host_ecdsa_key.pub.
[   14.052966] cloud-init[961]: The key fingerprint is:
[[0;32m  OK  [0m] Listening on D-Bus System Message Bus Socket.
[[   14.053256] [0;32m  OK  [0mcloud-init] [961]: Listening on UUID daemon activation socket.SHA256:aSalifru1u+iyVu8MDVy4ZDF+PHob50tYe1lvgoj7B8 root@ubuntu-xenial

[   14.065081] cloud-init[961]: The key's randomart image is:
[   14.065270] cloud-init[961]: +---[ECDSA 256]---+
[[0;32m  OK  [0m] Started Daily apt download activities.
[   14.065486] cloud-init[961]: |     o.          |
[   14.066043] cloud-init[961]: |    .oo          |
[   14.066249] cloud-init[961]: |    o..+.        |
[   14.066484] cloud-init[961]: |     +o=..       |
[   14.067067] cloud-init[961]: |    o.O S  .     |
[   14.067385] cloud-init[961]: |   . =.*  o . o  |
[   14.067482] cloud-init[961]: |  . o.o.ooE= +   |
[   14.068274] cloud-init[961]: |   o.=ooo.++o .  |
[[   14.068413] cloud-init[961]: |   +Oo.=+....... |
[   14.071731] cloud-init[0;32m  OK  [0m[961]: ] +----[SHA256]-----+
[   14.071927] Started Daily apt upgrade and clean activities.
cloud-init[961]: Generating public/private ed25519 key pair.
[   14.075171] cloud-init[961]: Your identification has been saved in /etc/ssh/ssh_host_ed25519_key.
[   14.077904]          Starting Socket activation for snappy daemon.
cloud-init[961]: Your public key has been saved in /etc/ssh/ssh_host_ed25519_key.pub.
[   14.080239]          Starting LXD - unix socket.
[[0;32m  OK  [0m] Listening on ACPID Listen Socket.
cloud-init[961]: The key fingerprint is:
[   14.081905] cloud-init[[961]: [0;32m  OK  [0mSHA256:yziIjr5hsgxgV50nUL1OvXFVBaqmEU23ny3R91DnlmM root@ubuntu-xenial] 
Started ACPI Events Check.
[   14.083366] [[0;32m  OK  [0m] Reached target Paths.
[[0;32m  OK  [0m] Started Daily Cleanup of Temporary Directories.
[[0;32m  OK  [0m] Reached target Timers.
[[0;32m  OK  [0m] Reached target Cloud-config availability.
cloud-init[961]: The key's randomart image is:
[   14.086195] cloud-init[961]: +--[ED25519 256]--+
[   14.087304] cloud-init[961]: |     .... . . ..B|
[   14.088426] cloud-init[961]: |      o .+ . o =o|
[   14.096395] cloud-init[961]: |     . +..+ o +E=|
[[0;32m  OK  [0m] Listening on Socket activation for snappy daemon.
[[0;32m  OK  [0m] Listening on LXD - unix socket.
[[0;32m  OK  [0m] Started iSCSI initiator daemon (iscsid).
[   14.107652] cloud-init[961]: |    .   o+ + o.*+|
[   14.128515] cloud-init[961]: |.. .    S o + + o|
[   14.137448] cloud-init[961]: |o .. . o * .   . |
[   14.138325] cloud-init[961]: |oo. . o +        |
[   14.139309] cloud-init[961]: |=+.    .         |
[   14.140236] cloud-init[961]: |++o              |
[   14.149689] cloud-init[961]: +----[SHA256]-----+
         Starting Login to default iSCSI targets...
[[0;32m  OK  [0m] Reached target Sockets.
[[0;32m  OK  [0m] Reached target Basic System.
[[0;32m  OK  [0m] Started Deferred execution scheduler.
[[0;32m  OK  [0m] Started D-Bus System Message Bus.
         Starting Accounts Service...
         Starting LXD - container startup/shutdown...
[[0;32m  OK  [0m] Started Unattended Upgrades Shutdown.
[[0;32m  OK  [0m] Started FUSE filesystem for LXC.
         Starting LSB: MD monitoring daemon...
         Starting Pollinate to seed the pseudo random number generator...
[[0;32m  OK  [0m] Started Regular background program processing daemon.
         Starting LSB: Record successful boot for GRUB...
         Starting Virtualbox guest utils...
         Starting /etc/rc.local Compatibility...
[[0;32m  OK  [0m] Started ACPI event daemon.
         Starting Snappy daemon...
         Starting Login Service...
         Starting System Logging Service...
[[0;32m  OK  [0m] Started /etc/rc.local Compatibility.
[[0;32m  OK  [0m] Started Login Service.
[[0;32m  OK  [0m] Started System Logging Service.
[[0;32m  OK  [0m] Started Login to default iSCSI targets.
[[0;32m  OK  [0m] Reached target Remote File Systems (Pre).
[[0;32m  OK  [0m] Reached target Remote File Systems.
         Starting Permit User Sessions...
         Starting LSB: Set the CPU Frequency Scaling governor to "ondemand"...
         Starting LSB: daemon to balance interrupts for SMP systems...
         Starting LSB: automatic crash report generation...
[[0;32m  OK  [0m] Started LSB: MD monitoring daemon.
[[0;32m  OK  [0m] Started LSB: Set the CPU Frequency Scaling governor to "ondemand".
[[0;32m  OK  [0m] Started Permit User Sessions.
         Starting Terminate Plymouth Boot Screen...
         Starting Hold until boot process finishes up...
[[0;32m  OK  [0m] Started Hold until boot process finishes up.
[[0;32m  OK  [0m] Started Terminate Plymouth Boot Screen.
         Starting Set console scheme...
[[0;32m  OK  [0m] Started Getty on tty1.
[[0;32m  OK  [0m] Started Serial Getty on ttyS0.
[[0;32m  OK  [0m] Reached target Login Prompts.
[[0;32m  OK  [0m] Started LSB: Record successful boot for GRUB.
[[0;32m  OK  [0m] Started Set console scheme.
         Starting Authenticate and Authorize Users to Run Privileged Tasks...
[[0;32m  OK  [0m] Started LSB: daemon to balance interrupts for SMP systems.
[[0;32m  OK  [0m] Started LSB: automatic crash report generation.
[[0;32m  OK  [0m] Started Authenticate and Authorize Users to Run Privileged Tasks.
[[0;32m  OK  [0m] Started Accounts Service.
[[0;32m  OK  [0m] Started Virtualbox guest utils.
[[0;32m  OK  [0m] Started LXD - container startup/shutdown.
[[0;32m  OK  [0m] Started Snappy daemon.
         Starting Wait until snapd is fully seeded...
[[0;32m  OK  [0m] Started Pollinate to seed the pseudo random number generator.
         Starting OpenBSD Secure Shell server...
[[0;32m  OK  [0m] Started OpenBSD Secure Shell server.
[[0;32m  OK  [0m] Created slice User Slice of vagrant.
         Starting User Manager for UID 1000...
[[0;32m  OK  [0m] Started Session 1 of user vagrant.
[[0;32m  OK  [0m] Started User Manager for UID 1000.
[[0;32m  OK  [0m] Started Wait until snapd is fully seeded.
[[0;32m  OK  [0m] Reached target Multi-User System.
[[0;32m  OK  [0m] Reached target Graphical Interface.
         Starting Update UTMP about System Runlevel Changes...
         Starting Apply the settings specified in cloud-config...
[[0;32m  OK  [0m] Started Update UTMP about System Runlevel Changes.
[   20.194444] cloud-init[1384]: Generating locales (this might take a while)...

Ubuntu 16.04.6 LTS ubuntu-xenial ttyS0

ubuntu-xenial login: [   21.747837] cloud-init[1384]:   en_US.UTF-8... done
[   21.750595] cloud-init[1384]: Generation complete.
[   22.569994] cloud-init[1384]: Cloud-init v. 18.5-45-g3554ffe8-0ubuntu1~16.04.1 running 'modules:config' at Fri, 29 Mar 2019 08:49:58 +0000. Up 19.93 seconds.
ci-info: no authorized ssh keys fingerprints found for user ubuntu.
<14>Mar 29 08:50:01 ec2: 
<14>Mar 29 08:50:01 ec2: #############################################################
<14>Mar 29 08:50:01 ec2: -----BEGIN SSH HOST KEY FINGERPRINTS-----
<14>Mar 29 08:50:01 ec2: 1024 SHA256:5+kQ7bnNdf5i6Vm5s95fAyldZSDuNeJUvIUgdNbmvOc root@ubuntu-xenial (DSA)
<14>Mar 29 08:50:01 ec2: 256 SHA256:aSalifru1u+iyVu8MDVy4ZDF+PHob50tYe1lvgoj7B8 root@ubuntu-xenial (ECDSA)
<14>Mar 29 08:50:01 ec2: 256 SHA256:yziIjr5hsgxgV50nUL1OvXFVBaqmEU23ny3R91DnlmM root@ubuntu-xenial (ED25519)
<14>Mar 29 08:50:01 ec2: 2048 SHA256:bRcDORUD18yw8mWR17e4+oLgceSPJ0ul90Yw/Vh7L1s root@ubuntu-xenial (RSA)
<14>Mar 29 08:50:01 ec2: -----END SSH HOST KEY FINGERPRINTS-----
<14>Mar 29 08:50:01 ec2: #############################################################
-----BEGIN SSH HOST KEY KEYS-----
ecdsa-sha2-nistp256 AAAAE2VjZHNhLXNoYTItbmlzdHAyNTYAAAAIbmlzdHAyNTYAAABBBPvpYB/GZP7chbnc3LDbHF/BhCTLqX7yh7b2xv+HxmtmFUs3i0sPBe6La6e9TSvnXtDs72brdi17HK70lx07+Rc= root@ubuntu-xenial
ssh-ed25519 AAAAC3NzaC1lZDI1NTE5AAAAIFMPu4lkVgNz59Ps0p0ig2It9qaIXxabGxOkFbYWqhb1 root@ubuntu-xenial
ssh-rsa AAAAB3NzaC1yc2EAAAADAQABAAABAQDDYoN6kfBvNVVv6BecVEZOhNpk95ezpiPlmW8it0EHMBauRuPL4nSzt2Fgn77pAy8SWm9tr+Yqp+NNMIF2jF5Gn6grpvmeL3T9bZP2QuoaKrps65tR6lODO+REORMx+D+H5Qhrdq9YJWgPOS3n937slLgyEemJTbP2JZcEyZviv7g4SZFmJci54szfNlAg92HMP/4GBHkM7NdQMlyAX+cdqJUyamrJhOIt7SVuWOo8vkDrDzi/zsLt3esk1kifuIy+ccFCl9NSfsacfcS1922fxCsbUCsfqLHHJKea9gRKauXJX/lpLb2kKZxHN3WqebFe2bZpXz+uBizJUlIBtY+D root@ubuntu-xenial
-----END SSH HOST KEY KEYS-----
[   23.250275] cloud-init[1574]: Cloud-init v. 18.5-45-g3554ffe8-0ubuntu1~16.04.1 running 'modules:final' at Fri, 29 Mar 2019 08:50:01 +0000. Up 23.02 seconds.
[   23.252268] cloud-init[1574]: ci-info: no authorized ssh keys fingerprints found for user ubuntu.
[   23.253852] cloud-init[1574]: Cloud-init v. 18.5-45-g3554ffe8-0ubuntu1~16.04.1 finished at Fri, 29 Mar 2019 08:50:02 +0000. Datasource DataSourceNoCloud [seed=/dev/sdb][dsmode=net].  Up 23.23 seconds
